Archive member included because of file (symbol)

contiki-sky.a(contiki-sky-pla)
                              obj_sky/contiki-sky-main.o (init_platform)
contiki-sky.a(light-sensor.o)
                              street-light.co (light_sensor)
contiki-sky.a(button-sensor.o)
                              contiki-sky.a(contiki-sky-pla) (button_sensor)
contiki-sky.a(ds2411.o)       obj_sky/contiki-sky-main.o (ds2411_init)
contiki-sky.a(xmem.o)         obj_sky/contiki-sky-main.o (xmem_init)
contiki-sky.a(node-id.o)      obj_sky/contiki-sky-main.o (node_id_restore)
contiki-sky.a(sensors.o)      contiki-sky.a(button-sensor.o) (sensors_changed)
contiki-sky.a(cc2420.o)       obj_sky/contiki-sky-main.o (cc2420_set_pan_addr)
contiki-sky.a(cc2420-arch.o)  contiki-sky.a(cc2420.o) (cc2420_arch_init)
contiki-sky.a(sky-sensors.o)  contiki-sky.a(light-sensor.o) (sky_sensors_status)
contiki-sky.a(uart1.o)        obj_sky/contiki-sky-main.o (uart1_active)
contiki-sky.a(uart1-putchar.o)
                              obj_sky/collect-common.o (putchar)
contiki-sky.a(msp430.o)       contiki-sky.a(uart1.o) (msp430_add_lpm_req)
contiki-sky.a(clock.o)        obj_sky/contiki-sky-main.o (clock_init)
contiki-sky.a(leds.o)         obj_sky/contiki-sky-main.o (leds_init)
contiki-sky.a(leds-arch.o)    contiki-sky.a(leds.o) (leds_arch_init)
contiki-sky.a(watchdog.o)     obj_sky/contiki-sky-main.o (watchdog_start)
contiki-sky.a(rtimer-arch.o)  obj_sky/contiki-sky-main.o (rtimer_arch_now)
contiki-sky.a(autostart.o)    obj_sky/contiki-sky-main.o (autostart_start)
contiki-sky.a(ctimer.o)       obj_sky/contiki-sky-main.o (ctimer_init)
contiki-sky.a(energest.o)     obj_sky/contiki-sky-main.o (energest_init)
contiki-sky.a(etimer.o)       contiki-sky.a(clock.o) (etimer_request_poll)
contiki-sky.a(process.o)      contiki-sky.a(ctimer.o) (process_current)
contiki-sky.a(rtimer.o)       obj_sky/contiki-sky-main.o (rtimer_init)
contiki-sky.a(timer.o)        obj_sky/httpd-simple.o (timer_set)
contiki-sky.a(serial-line.o)  obj_sky/collect-common.o (serial_line_event_message)
contiki-sky.a(list.o)         contiki-sky.a(ctimer.o) (list_init)
contiki-sky.a(memb.o)         obj_sky/httpd-simple.o (memb_init)
contiki-sky.a(random.o)       obj_sky/contiki-sky-main.o (random_init)
contiki-sky.a(ringbuf.o)      contiki-sky.a(serial-line.o) (ringbuf_init)
contiki-sky.a(sicslowpan.o)   obj_sky/contiki-sky-main.o (sicslowpan_driver)
contiki-sky.a(uip6.o)         contiki-sky.a(sicslowpan.o) (uip_aligned_buf)
contiki-sky.a(uip-ds6.o)      contiki-sky.a(uip6.o) (uip_ds6_is_addr_onlink)
contiki-sky.a(uip-ds6-nbr.o)  contiki-sky.a(uip-ds6.o) (uip_ds6_neighbors_init)
contiki-sky.a(uip-ds6-route.o)
                              contiki-sky.a(uip-ds6.o) (uip_ds6_route_init)
contiki-sky.a(uip-icmp6.o)    contiki-sky.a(uip6.o) (uip_icmp6_input)
contiki-sky.a(uip-nd6.o)      contiki-sky.a(uip6.o) (uip_nd6_init)
contiki-sky.a(psock.o)        street-light.co (psock_send)
contiki-sky.a(simple-udp.o)   street-light.co (simple_udp_register)
contiki-sky.a(tcpip.o)        contiki-sky.a(sicslowpan.o) (tcpip_set_outputfunc)
contiki-sky.a(uip-debug.o)    contiki-sky.a(uip-ds6-route.o) (uip_debug_ipaddr_print)
contiki-sky.a(uip-udp-packet.)
                              contiki-sky.a(simple-udp.o) (uip_udp_packet_sendto)
contiki-sky.a(rpl.o)          contiki-sky.a(uip-ds6-nbr.o) (rpl_link_neighbor_callback)
contiki-sky.a(rpl-dag.o)      contiki-sky.a(rpl.o) (default_instance)
contiki-sky.a(rpl-ext-header.)
                              contiki-sky.a(uip6.o) (rpl_verify_header)
contiki-sky.a(rpl-icmp6.o)    contiki-sky.a(rpl.o) (dao_output_target)
contiki-sky.a(rpl-mrhof.o)    contiki-sky.a(rpl.o) (rpl_mrhof)
contiki-sky.a(rpl-timers.o)   contiki-sky.a(rpl.o) (rpl_reset_periodic_timer)
contiki-sky.a(csma.o)         obj_sky/contiki-sky-main.o (csma_driver)
contiki-sky.a(framer-802154.o)
                              contiki-sky.a(sicslowpan.o) (framer_802154)
contiki-sky.a(framer.o)       contiki-sky.a(framer-802154.o) (framer_canonical_create_and_secure)
contiki-sky.a(mac.o)          contiki-sky.a(csma.o) (mac_call_sent_callback)
contiki-sky.a(linkaddr.o)     obj_sky/contiki-sky-main.o (linkaddr_copy)
contiki-sky.a(nbr-table.o)    contiki-sky.a(uip-ds6-nbr.o) (nbr_table_register)
contiki-sky.a(packetbuf.o)    contiki-sky.a(framer.o) (packetbuf_compact)
contiki-sky.a(queuebuf.o)     obj_sky/contiki-sky-main.o (queuebuf_init)
contiki-sky.a(contikimac.o)   obj_sky/collect-common.o (contikimac_driver)
contiki-sky.a(nullsec.o)      obj_sky/contiki-sky-main.o (nullsec_driver)
contiki-sky.a(spi.o)          contiki-sky.a(xmem.o) (spi_init)
contiki-sky.a(compower.o)     contiki-sky.a(contikimac.o) (compower_idle_activity)
contiki-sky.a(stimer.o)       contiki-sky.a(uip-ds6.o) (stimer_set)
contiki-sky.a(frame802154.o)  contiki-sky.a(framer-802154.o) (frame802154_hdrlen)
contiki-sky.a(mac-sequence.o)
                              contiki-sky.a(contikimac.o) (mac_sequence_is_duplicate)
[...]
Memory Configuration

Name             Origin             Length             Attributes
sfr              0x00000000         0x00000010
peripheral_8bit  0x00000010         0x000000f0
peripheral_16bit 0x00000100         0x00000100
ram_mirror       0x00000200         0x00000800         xw
infomem          0x00001000         0x00000100
infob            0x00001000         0x00000080
infoa            0x00001080         0x00000080
ram              0x00001100         0x00002800         xw
rom              0x00004000         0x0000bfe0         xr
vectors          0x0000ffe0         0x00000020
bsl              0x00000000         0x00000000
infoc            0x00000000         0x00000000
infod            0x00000000         0x00000000
ram2             0x00000000         0x00000000         xw
usbram           0x00000000         0x00000000         xw
far_rom          0x00000000         0x00000000
*default*        0x00000000         0xffffffff

Linker script and memory map

LOAD /usr/local/msp430/bin/../lib/gcc/msp430/4.7.0/mmpy-16/crt0ivtbl16.o
LOAD street-light.co
LOAD obj_sky/httpd-simple.o
LOAD obj_sky/collect-common.o
LOAD obj_sky/contiki-sky-main.o
LOAD contiki-sky.a
LOAD /usr/local/msp430/bin/../lib/gcc/msp430/4.7.0/mmpy-16/libgcc.a
LOAD /usr/local/msp430/bin/../lib/gcc/msp430/4.7.0/../../../../msp430/lib/mmpy-16/libc.a
LOAD /usr/local/msp430/bin/../lib/gcc/msp430/4.7.0/mmpy-16/libgcc.a
LOAD /usr/local/msp430/bin/../lib/gcc/msp430/4.7.0/mmpy-16/libcrt0.a
                0x00000080                PROVIDE (__info_segment_size, 0x80)
                0x00001000                PROVIDE (__infob, 0x1000)
                0x00001080                PROVIDE (__infoa, 0x1080)
                0x00000000                __IE1 = 0x0
                0x00000002                __IFG1 = 0x2
                0x00000004                __ME1 = 0x4
                0x00000001                __IE2 = 0x1
                0x00000003                __IFG2 = 0x3
                0x00000005                __ME2 = 0x5
                0x00000120                __WDTCTL = 0x120
                0x00000130                __MPY = 0x130
                0x00000132                __MPYS = 0x132
                0x00000134                __MAC = 0x134
                0x00000136                __MACS = 0x136
                0x00000138                __OP2 = 0x138
                0x0000013a                __RESLO = 0x13a
                0x0000013c                __RESHI = 0x13c
                0x0000013e                __SUMEXT = 0x13e
                0x00000020                __P1IN = 0x20
                0x00000021                __P1OUT = 0x21
                0x00000022                __P1DIR = 0x22
                0x00000023                __P1IFG = 0x23
                0x00000024                __P1IES = 0x24
                0x00000025                __P1IE = 0x25
                0x00000026                __P1SEL = 0x26
                0x00000028                __P2IN = 0x28
                0x00000029                __P2OUT = 0x29
                0x0000002a                __P2DIR = 0x2a
                0x0000002b                __P2IFG = 0x2b
                0x0000002c                __P2IES = 0x2c
                0x0000002d                __P2IE = 0x2d
                0x0000002e                __P2SEL = 0x2e
                0x00000018                __P3IN = 0x18
                0x00000019                __P3OUT = 0x19
                0x0000001a                __P3DIR = 0x1a
                0x0000001b                __P3SEL = 0x1b
                0x0000001c                __P4IN = 0x1c
                0x0000001d                __P4OUT = 0x1d
                0x0000001e                __P4DIR = 0x1e
                0x0000001f                __P4SEL = 0x1f
                0x00000030                __P5IN = 0x30
                0x00000031                __P5OUT = 0x31
                0x00000032                __P5DIR = 0x32
                0x00000033                __P5SEL = 0x33
                0x00000034                __P6IN = 0x34
                0x00000035                __P6OUT = 0x35
                0x00000036                __P6DIR = 0x36
                0x00000037                __P6SEL = 0x37
                0x00000070                __U0CTL = 0x70
                0x00000071                __U0TCTL = 0x71
                0x00000072                __U0RCTL = 0x72
                0x00000073                __U0MCTL = 0x73
                0x00000074                __U0BR0 = 0x74
                0x00000075                __U0BR1 = 0x75
                0x00000076                __U0RXBUF = 0x76
                0x00000077                __U0TXBUF = 0x77
                0x00000078                __U1CTL = 0x78
                0x00000079                __U1TCTL = 0x79
                0x0000007a                __U1RCTL = 0x7a
                0x0000007b                __U1MCTL = 0x7b
                0x0000007c                __U1BR0 = 0x7c
                0x0000007d                __U1BR1 = 0x7d
                0x0000007e                __U1RXBUF = 0x7e
                0x0000007f                __U1TXBUF = 0x7f
                0x00000050                __I2CIE = 0x50
                0x00000051                __I2CIFG = 0x51
                0x00000052                __I2CNDAT = 0x52
                0x00000071                __I2CTCTL = 0x71
                0x00000072                __I2CDCTL = 0x72
                0x00000073                __I2CPSC = 0x73
                0x00000074                __I2CSCLH = 0x74
                0x00000075                __I2CSCLL = 0x75
                0x00000076                __I2CDRB = 0x76
                0x00000076                __I2CDRW = 0x76
                0x00000118                __I2COA = 0x118
                0x0000011a                __I2CSA = 0x11a
                0x0000011c                __I2CIV = 0x11c
                0x0000012e                __TAIV = 0x12e
                0x00000160                __TACTL = 0x160
                0x00000162                __TACCTL0 = 0x162
                0x00000164                __TACCTL1 = 0x164
                0x00000166                __TACCTL2 = 0x166
                0x00000170                __TAR = 0x170
                0x00000172                __TACCR0 = 0x172
                0x00000174                __TACCR1 = 0x174
                0x00000176                __TACCR2 = 0x176
                0x0000011e                __TBIV = 0x11e
                0x00000180                __TBCTL = 0x180
                0x00000182                __TBCCTL0 = 0x182
                0x00000184                __TBCCTL1 = 0x184
                0x00000186                __TBCCTL2 = 0x186
                0x00000188                __TBCCTL3 = 0x188
                0x0000018a                __TBCCTL4 = 0x18a
                0x0000018c                __TBCCTL5 = 0x18c
                0x0000018e                __TBCCTL6 = 0x18e
                0x00000190                __TBR = 0x190
                0x00000192                __TBCCR0 = 0x192
                0x00000194                __TBCCR1 = 0x194
                0x00000196                __TBCCR2 = 0x196
                0x00000198                __TBCCR3 = 0x198
                0x0000019a                __TBCCR4 = 0x19a
                0x0000019c                __TBCCR5 = 0x19c
                0x0000019e                __TBCCR6 = 0x19e
                0x00000056                __DCOCTL = 0x56
                0x00000057                __BCSCTL1 = 0x57
                0x00000058                __BCSCTL2 = 0x58
                0x00000055                __SVSCTL = 0x55
                0x00000128                __FCTL1 = 0x128
                0x0000012a                __FCTL2 = 0x12a
                0x0000012c                __FCTL3 = 0x12c
                0x00000059                __CACTL1 = 0x59
                0x0000005a                __CACTL2 = 0x5a
                0x0000005b                __CAPD = 0x5b
                0x000001a0                __ADC12CTL0 = 0x1a0
                0x000001a2                __ADC12CTL1 = 0x1a2
                0x000001a4                __ADC12IFG = 0x1a4
                0x000001a6                __ADC12IE = 0x1a6
                0x000001a8                __ADC12IV = 0x1a8
                0x00000140                __ADC12MEM0 = 0x140
                0x00000142                __ADC12MEM1 = 0x142
                0x00000144                __ADC12MEM2 = 0x144
                0x00000146                __ADC12MEM3 = 0x146
                0x00000148                __ADC12MEM4 = 0x148
                0x0000014a                __ADC12MEM5 = 0x14a
                0x0000014c                __ADC12MEM6 = 0x14c
                0x0000014e                __ADC12MEM7 = 0x14e
                0x00000150                __ADC12MEM8 = 0x150
                0x00000152                __ADC12MEM9 = 0x152
                0x00000154                __ADC12MEM10 = 0x154
                0x00000156                __ADC12MEM11 = 0x156
                0x00000158                __ADC12MEM12 = 0x158
                0x0000015a                __ADC12MEM13 = 0x15a
                0x0000015c                __ADC12MEM14 = 0x15c
                0x0000015e                __ADC12MEM15 = 0x15e
                0x00000080                __ADC12MCTL0 = 0x80
                0x00000081                __ADC12MCTL1 = 0x81
                0x00000082                __ADC12MCTL2 = 0x82
                0x00000083                __ADC12MCTL3 = 0x83
                0x00000084                __ADC12MCTL4 = 0x84
                0x00000085                __ADC12MCTL5 = 0x85
                0x00000086                __ADC12MCTL6 = 0x86
                0x00000087                __ADC12MCTL7 = 0x87
                0x00000088                __ADC12MCTL8 = 0x88
                0x00000089                __ADC12MCTL9 = 0x89
                0x0000008a                __ADC12MCTL10 = 0x8a
                0x0000008b                __ADC12MCTL11 = 0x8b
                0x0000008c                __ADC12MCTL12 = 0x8c
                0x0000008d                __ADC12MCTL13 = 0x8d
                0x0000008e                __ADC12MCTL14 = 0x8e
                0x0000008f                __ADC12MCTL15 = 0x8f
                0x000001c0                __DAC12_0CTL = 0x1c0
                0x000001c2                __DAC12_1CTL = 0x1c2
                0x000001c8                __DAC12_0DAT = 0x1c8
                0x000001ca                __DAC12_1DAT = 0x1ca
                0x00000122                __DMACTL0 = 0x122
                0x00000124                __DMACTL1 = 0x124
                0x000001e0                __DMA0CTL = 0x1e0
                0x000001e8                __DMA1CTL = 0x1e8
                0x000001f0                __DMA2CTL = 0x1f0
                0x000001e2                __DMA0SA = 0x1e2
                0x000001e4                __DMA0DA = 0x1e4
                0x000001e6                __DMA0SZ = 0x1e6
                0x000001ea                __DMA1SA = 0x1ea
                0x000001ec                __DMA1DA = 0x1ec
                0x000001ee                __DMA1SZ = 0x1ee
                0x000001f2                __DMA2SA = 0x1f2
                0x000001f4                __DMA2DA = 0x1f4
                0x000001f6                __DMA2SZ = 0x1f6

.hash
 *(.hash)

.dynsym
 *(.dynsym)

.dynstr
 *(.dynstr)

.gnu.version
 *(.gnu.version)

.gnu.version_d
 *(.gnu.version_d)

.gnu.version_r
 *(.gnu.version_r)

.rel.init
 *(.rel.init)

.rela.init
 *(.rela.init)

.rel.fini
 *(.rel.fini)

.rela.fini
 *(.rela.fini)

.rel.text
 *(.rel.text .rel.text.* .rel.gnu.linkonce.t.*)

.rela.text
 *(.rela.text .rela.text.* .rela.gnu.linkonce.t.*)

.rel.rodata
 *(.rel.rodata .rel.rodata.* .rel.gnu.linkonce.r.*)

.rela.rodata
 *(.rela.rodata .rela.rodata.* .rela.gnu.linkonce.r.*)

.rel.data
 *(.rel.data .rel.data.* .rel.gnu.linkonce.d.*)

.rela.data
 *(.rela.data .rela.data.* .rela.gnu.linkonce.d.*)

.rel.bss
 *(.rel.bss .rel.bss.* .rel.gnu.linkonce.b.*)

.rela.bss
 *(.rela.bss .rela.bss.* .rela.gnu.linkonce.b.*)

.rel.ctors
 *(.rel.ctors)

.rela.ctors
 *(.rela.ctors)

.rel.dtors
 *(.rel.dtors)

.rela.dtors
 *(.rela.dtors)

.rel.got
 *(.rel.got)

.rela.got
 *(.rela.got)

.rel.plt
 *(.rel.plt)

.rela.plt
 *(.rela.plt)

.text           0x00004000     0xb034
                0x00004000                . = ALIGN (0x2)
 *(.init .init.*)
 *(.init0)
 .init0         0x00004000        0x0 /usr/local/msp430/bin/../lib/gcc/msp430/4.7.0/mmpy-16/libcrt0.a(_reset_vector__.o)
                0x00004000                _reset_vector__
 *(.init1)
 .init1         0x00004000        0xc /usr/local/msp430/bin/../lib/gcc/msp430/4.7.0/mmpy-16/libcrt0.a(__watchdog_support.o)
                0x00004000                __watchdog_support
 *(.init2)
 .init2         0x0000400c        0x4 /usr/local/msp430/bin/../lib/gcc/msp430/4.7.0/mmpy-16/libcrt0.a(__init_stack.o)
                0x0000400c                __init_stack
 *(.init3)
 .init3         0x00004010        0x0 /usr/local/msp430/bin/../lib/gcc/msp430/4.7.0/mmpy-16/libcrt0.a(__low_level_init.o)
                0x00004010                __low_level_init
 *(.init4)
 .init4         0x00004010       0x18 /usr/local/msp430/bin/../lib/gcc/msp430/4.7.0/mmpy-16/libcrt0.a(_copy_data.o)
                0x00004010                __do_copy_data
 .init4         0x00004028       0x16 /usr/local/msp430/bin/../lib/gcc/msp430/4.7.0/mmpy-16/libcrt0.a(_clear_bss.o)
                0x00004028                __do_clear_bss
 *(.init5)
 *(.init6)
 *(.init7)
 *(.init8)
 *(.init9)
 .init9         0x0000403e      0x2d6 obj_sky/contiki-sky-main.o
                0x0000403e                main
 *(.fini9)
 .fini9         0x00004314        0x0 /usr/local/msp430/bin/../lib/gcc/msp430/4.7.0/mmpy-16/libcrt0.a(__stop_progExec__.o)
                0x00004314                __stop_progExec__
 *(.fini8)
 *(.fini7)
 *(.fini6)
 *(.fini5)
 *(.fini4)
 *(.fini3)
 *(.fini2)
 *(.fini1)
 *(.fini0)
 .fini0         0x00004314        0x6 /usr/local/msp430/bin/../lib/gcc/msp430/4.7.0/mmpy-16/libcrt0.a(_endless_loop__.o)
                0x00004314                _endless_loop__
 *(.fini .fini.*)
                0x0000431a                . = ALIGN (0x2)
                0x0000431a                __ctors_start = .
 *(.ctors)
                0x0000431a                __ctors_end = .
                0x0000431a                __dtors_start = .
 *(.dtors)
                0x0000431a                __dtors_end = .
                0x0000431a                . = ALIGN (0x2)
 *(.text .text.* .gnu.linkonce.t.*)
 .text          0x0000431a        0x4 /usr/local/msp430/bin/../lib/gcc/msp430/4.7.0/mmpy-16/crt0ivtbl16.o
                0x0000431a                __isr_14
                0x0000431a                __isr_11
                0x0000431a                __isr_2
                0x0000431a                __isr_7
                0x0000431a                __isr_0
                0x0000431a                __isr_8
                0x0000431a                __isr_3
                0x0000431a                __isr_12
                0x0000431a                __isr_13
                0x0000431a                __isr_9
 .text.get_light
                0x0000431e       0x1a street-light.co
 .text.process_thread_webserver_nogui_process
                0x00004338       0x40 street-light.co
 .text.process_thread_sensor_process
                0x00004378       0xbe street-light.co
 .text.receiver
                0x00004436       0x64 street-light.co
 .text.generate_chart.constprop.0
                0x0000449a       0xb8 street-light.co
 .text.send_values
                0x00004552      0x1d2 street-light.co
 .text.httpd_simple_get_script
                0x00004724        0x6 street-light.co
                0x00004724                httpd_simple_get_script
 .text.handle_input
                0x0000472a       0xea obj_sky/httpd-simple.o
 .text.send_headers
                0x00004814       0x6a obj_sky/httpd-simple.o
 .text.handle_output
                0x0000487e       0xf4 obj_sky/httpd-simple.o
 .text.httpd_appcall
                0x00004972       0xd0 obj_sky/httpd-simple.o
                0x00004972                httpd_appcall
 .text.httpd_init
                0x00004a42       0x12 obj_sky/httpd-simple.o
                0x00004a42                httpd_init
 .text.start_network_layer
                0x00004a54       0xa2 obj_sky/contiki-sky-main.o
 .text.init_platform
                0x00004af6        0xc contiki-sky.a(contiki-sky-pla)
                0x00004af6                init_platform
 .text.value    0x00004b02       0x1a contiki-sky.a(light-sensor.o)
 .text.status   0x00004b1c        0xc contiki-sky.a(light-sensor.o)
 .text.configure
                0x00004b28       0x10 contiki-sky.a(light-sensor.o)
 .text.status   0x00004b38       0x18 contiki-sky.a(button-sensor.o)
 .text.value    0x00004b50       0x20 contiki-sky.a(button-sensor.o)
 .text.configure
                0x00004b70       0x4c contiki-sky.a(button-sensor.o)
 .text.irq_p2   0x00004bbc       0x88 contiki-sky.a(button-sensor.o)
                0x00004bbc                irq_p2
                0x00004bbc                __isr_1
 .text.owreadb  0x00004c44       0x50 contiki-sky.a(ds2411.o)
 .text.ds2411_init
                0x00004c94      0x120 contiki-sky.a(ds2411.o)
                0x00004c94                ds2411_init
 .text.wait_ready
                0x00004db4       0x4a contiki-sky.a(xmem.o)
 .text.xmem_init
                0x00004dfe       0x3c contiki-sky.a(xmem.o)
                0x00004dfe                xmem_init
 .text.xmem_pread
                0x00004e3a       0xe0 contiki-sky.a(xmem.o)
                0x00004e3a                xmem_pread
 .text.node_id_restore
                0x00004f1a       0x38 contiki-sky.a(node-id.o)
                0x00004f1a                node_id_restore
 .text.process_thread_sensors_process
                0x00004f52       0xc2 contiki-sky.a(sensors.o)
 .text.sensors_changed
                0x00005014       0x2a contiki-sky.a(sensors.o)
                0x00005014                sensors_changed
 .text.get_object
                0x0000503e        0x4 contiki-sky.a(cc2420.o)
 .text.set_object
                0x00005042        0x4 contiki-sky.a(cc2420.o)
 .text.strobe   0x00005046       0x1c contiki-sky.a(cc2420.o)
 .text.getreg   0x00005062       0x4c contiki-sky.a(cc2420.o)
 .text.setreg   0x000050ae       0x4c contiki-sky.a(cc2420.o)
 .text.write_ram
                0x000050fa       0x7c contiki-sky.a(cc2420.o)
 .text.write_fifo_buf
                0x00005176       0x3c contiki-sky.a(cc2420.o)
 .text.get_status
                0x000051b2       0x20 contiki-sky.a(cc2420.o)
 .text.set_txpower
                0x000051d2       0x24 contiki-sky.a(cc2420.o)
 .text.cc2420_receiving_packet
                0x000051f6        0xc contiki-sky.a(cc2420.o)
 .text.pending_packet
                0x00005202        0x8 contiki-sky.a(cc2420.o)
 .text.on       0x0000520a       0x1e contiki-sky.a(cc2420.o)
 .text.wait_for_transmission
                0x00005228       0x22 contiki-sky.a(cc2420.o)
 .text.wait_for_status
                0x0000524a       0x28 contiki-sky.a(cc2420.o)
 .text.getrxdata
                0x00005272       0x50 contiki-sky.a(cc2420.o)
 .text.flushrx  0x000052c2       0x1a contiki-sky.a(cc2420.o)
 .text.off      0x000052dc       0x56 contiki-sky.a(cc2420.o)
 .text.RELEASE_LOCK
                0x00005332       0x28 contiki-sky.a(cc2420.o)
 .text.set_key  0x0000535a       0x18 contiki-sky.a(cc2420.o)
 .text.cc2420_prepare
                0x00005372       0x3c contiki-sky.a(cc2420.o)
 .text.cc2420_on
                0x000053ae       0x22 contiki-sky.a(cc2420.o)
                0x000053ae                cc2420_on
 .text.cc2420_off
                0x000053d0       0x30 contiki-sky.a(cc2420.o)
                0x000053d0                cc2420_off
 .text.cc2420_cca
                0x00005400       0x68 contiki-sky.a(cc2420.o)
 .text.cc2420_read
                0x00005468       0xac contiki-sky.a(cc2420.o)
 .text.process_thread_cc2420_process
                0x00005514       0x54 contiki-sky.a(cc2420.o)
 .text.encrypt  0x00005568       0x88 contiki-sky.a(cc2420.o)
 .text.cc2420_set_channel
                0x000055f0       0x3c contiki-sky.a(cc2420.o)
                0x000055f0                cc2420_set_channel
 .text.cc2420_set_pan_addr
                0x0000562c       0x4c contiki-sky.a(cc2420.o)
                0x0000562c                cc2420_set_pan_addr
 .text.cc2420_interrupt
                0x00005678       0x16 contiki-sky.a(cc2420.o)
                0x00005678                cc2420_interrupt
 .text.cc2420_set_txpower
                0x0000568e        0xe contiki-sky.a(cc2420.o)
                0x0000568e                cc2420_set_txpower
 .text.cc2420_get_txpower
                0x0000569c       0x1e contiki-sky.a(cc2420.o)
                0x0000569c                cc2420_get_txpower
 .text.cc2420_transmit
                0x000056ba      0x110 contiki-sky.a(cc2420.o)
 .text.cc2420_send
                0x000057ca       0x12 contiki-sky.a(cc2420.o)
 .text.cc2420_rssi
                0x000057dc       0x4c contiki-sky.a(cc2420.o)
                0x000057dc                cc2420_rssi
 .text.get_value
                0x00005828       0xa8 contiki-sky.a(cc2420.o)
 .text.cc2420_set_cca_threshold
                0x000058d0       0x16 contiki-sky.a(cc2420.o)
                0x000058d0                cc2420_set_cca_threshold
 .text.set_value
                0x000058e6       0x86 contiki-sky.a(cc2420.o)
 .text.cc2420_init
                0x0000596c       0xd8 contiki-sky.a(cc2420.o)
                0x0000596c                cc2420_init
 .text.cc2420_port1_interrupt
                0x00005a44       0x62 contiki-sky.a(cc2420-arch.o)
                0x00005a44                __isr_4
                0x00005a44                cc2420_port1_interrupt
 .text.cc2420_arch_init
                0x00005aa6       0x1a contiki-sky.a(cc2420-arch.o)
                0x00005aa6                cc2420_arch_init
 .text.sky_sensors_status
                0x00005ac0       0x3c contiki-sky.a(sky-sensors.o)
                0x00005ac0                sky_sensors_status
 .text.sky_sensors_configure
                0x00005afc       0xee contiki-sky.a(sky-sensors.o)
                0x00005afc                sky_sensors_configure
 .text.uart1_active
                0x00005bea       0x18 contiki-sky.a(uart1.o)
                0x00005bea                uart1_active
 .text.uart1_writeb
                0x00005c02       0x18 contiki-sky.a(uart1.o)
                0x00005c02                uart1_writeb
 .text.uart1_init
                0x00005c1a       0xf4 contiki-sky.a(uart1.o)
                0x00005c1a                uart1_init
 .text.putchar  0x00005d0e       0x10 contiki-sky.a(uart1-putchar.o)
                0x00005d0e                putchar
 .text.msp430_init_dco
                0x00005d1e       0x82 contiki-sky.a(msp430.o)
                0x00005d1e                msp430_init_dco
 .text.msp430_add_lpm_req
                0x00005da0        0xc contiki-sky.a(msp430.o)
                0x00005da0                msp430_add_lpm_req
 .text.msp430_cpu_init
                0x00005dac       0x2a contiki-sky.a(msp430.o)
                0x00005dac                msp430_cpu_init
 .text.splhigh_
                0x00005dd6        0x8 contiki-sky.a(msp430.o)
                0x00005dd6                splhigh_
 .text.msp430_sync_dco
                0x00005dde       0x6c contiki-sky.a(msp430.o)
                0x00005dde                msp430_sync_dco
 .text.timera1  0x00005e4a      0x11e contiki-sky.a(clock.o)
                0x00005e4a                __isr_5
                0x00005e4a                timera1
 .text.clock_time
                0x00005f68       0x1a contiki-sky.a(clock.o)
                0x00005f68                clock_time
 .text.clock_init
                0x00005f82       0x28 contiki-sky.a(clock.o)
                0x00005f82                clock_init
 .text.clock_delay
                0x00005faa        0xc contiki-sky.a(clock.o)
                0x00005faa                clock_delay
 .text.clock_seconds
                0x00005fb6       0x1a contiki-sky.a(clock.o)
                0x00005fb6                clock_seconds
 .text.show_leds
                0x00005fd0       0xf0 contiki-sky.a(leds.o)
 .text.leds_init
                0x000060c0        0xa contiki-sky.a(leds.o)
                0x000060c0                leds_init
 .text.leds_on  0x000060ca        0xa contiki-sky.a(leds.o)
                0x000060ca                leds_on
 .text.leds_off
                0x000060d4        0xe contiki-sky.a(leds.o)
                0x000060d4                leds_off
 .text.leds_arch_init
                0x000060e2        0xe contiki-sky.a(leds-arch.o)
                0x000060e2                leds_arch_init
 .text.leds_arch_set
                0x000060f0       0x38 contiki-sky.a(leds-arch.o)
                0x000060f0                leds_arch_set
 .text.watchdog_interrupt
                0x00006128        0x6 contiki-sky.a(watchdog.o)
                0x00006128                __isr_10
                0x00006128                watchdog_interrupt
 .text.watchdog_start
                0x0000612e       0x14 contiki-sky.a(watchdog.o)
                0x0000612e                watchdog_start
 .text.watchdog_periodic
                0x00006142       0x12 contiki-sky.a(watchdog.o)
                0x00006142                watchdog_periodic
 .text.watchdog_stop
                0x00006154       0x16 contiki-sky.a(watchdog.o)
                0x00006154                watchdog_stop
 .text.watchdog_init
                0x0000616a       0x12 contiki-sky.a(watchdog.o)
                0x0000616a                watchdog_init
 .text.rtimer_arch_init
                0x0000617c        0xe contiki-sky.a(rtimer-arch.o)
                0x0000617c                rtimer_arch_init
 .text.rtimer_arch_now
                0x0000618a        0xe contiki-sky.a(rtimer-arch.o)
                0x0000618a                rtimer_arch_now
 .text.timera0  0x00006198       0x70 contiki-sky.a(rtimer-arch.o)
                0x00006198                __isr_6
                0x00006198                timera0
 .text.rtimer_arch_schedule
                0x00006208        0x6 contiki-sky.a(rtimer-arch.o)
                0x00006208                rtimer_arch_schedule
 .text.autostart_start
                0x0000620e       0x16 contiki-sky.a(autostart.o)
                0x0000620e                autostart_start
 .text.process_thread_ctimer_process
                0x00006224       0xa8 contiki-sky.a(ctimer.o)
 .text.ctimer_init
                0x000062cc       0x18 contiki-sky.a(ctimer.o)
                0x000062cc                ctimer_init
 .text.ctimer_set
                0x000062e4       0x50 contiki-sky.a(ctimer.o)
                0x000062e4                ctimer_set
 .text.ctimer_reset
                0x00006334       0x30 contiki-sky.a(ctimer.o)
                0x00006334                ctimer_reset
 .text.ctimer_stop
                0x00006364       0x28 contiki-sky.a(ctimer.o)
                0x00006364                ctimer_stop
 .text.energest_init
                0x0000638c       0x26 contiki-sky.a(energest.o)
                0x0000638c                energest_init
 .text.energest_type_time
                0x000063b2       0x48 contiki-sky.a(energest.o)
                0x000063b2                energest_type_time
 .text.energest_type_set
                0x000063fa        0xe contiki-sky.a(energest.o)
                0x000063fa                energest_type_set
 .text.energest_flush
                0x00006408       0x48 contiki-sky.a(energest.o)
                0x00006408                energest_flush
 .text.update_time
                0x00006450       0x78 contiki-sky.a(etimer.o)
 .text.etimer_request_poll
                0x000064c8        0xa contiki-sky.a(etimer.o)
                0x000064c8                etimer_request_poll
 .text.process_thread_etimer_process
                0x000064d2       0xcc contiki-sky.a(etimer.o)
 .text.add_timer
                0x0000659e       0x40 contiki-sky.a(etimer.o)
 .text.etimer_set
                0x000065de       0x12 contiki-sky.a(etimer.o)
                0x000065de                etimer_set
 .text.etimer_reset
                0x000065f0       0x12 contiki-sky.a(etimer.o)
                0x000065f0                etimer_reset
 .text.etimer_restart
                0x00006602       0x12 contiki-sky.a(etimer.o)
                0x00006602                etimer_restart
 .text.etimer_expired
                0x00006614        0xe contiki-sky.a(etimer.o)
                0x00006614                etimer_expired
 .text.etimer_expiration_time
                0x00006622       0x14 contiki-sky.a(etimer.o)
                0x00006622                etimer_expiration_time
 .text.etimer_pending
                0x00006636        0xc contiki-sky.a(etimer.o)
                0x00006636                etimer_pending
 .text.etimer_next_expiration_time
                0x00006642       0x16 contiki-sky.a(etimer.o)
                0x00006642                etimer_next_expiration_time
 .text.etimer_stop
                0x00006658       0x3e contiki-sky.a(etimer.o)
                0x00006658                etimer_stop
 .text.call_process
                0x00006696       0x46 contiki-sky.a(process.o)
 .text.exit_process
                0x000066dc       0x96 contiki-sky.a(process.o)
 .text.do_poll  0x00006772       0x30 contiki-sky.a(process.o)
 .text.process_alloc_event
                0x000067a2        0xe contiki-sky.a(process.o)
                0x000067a2                process_alloc_event
 .text.process_init
                0x000067b0       0x1c contiki-sky.a(process.o)
                0x000067b0                process_init
 .text.process_run
                0x000067cc       0xa2 contiki-sky.a(process.o)
                0x000067cc                process_run
 .text.process_nevents
                0x0000686e        0xe contiki-sky.a(process.o)
                0x0000686e                process_nevents
 .text.process_post
                0x0000687c       0x54 contiki-sky.a(process.o)
                0x0000687c                process_post
 .text.process_post_synch
                0x000068d0       0x12 contiki-sky.a(process.o)
                0x000068d0                process_post_synch
 .text.process_start
                0x000068e2       0x36 contiki-sky.a(process.o)
                0x000068e2                process_start
 .text.process_poll
                0x00006918       0x18 contiki-sky.a(process.o)
                0x00006918                process_poll
 .text.rtimer_init
                0x00006930        0x6 contiki-sky.a(rtimer.o)
                0x00006930                rtimer_init
 .text.rtimer_set
                0x00006936       0x24 contiki-sky.a(rtimer.o)
                0x00006936                rtimer_set
 .text.rtimer_run_next
                0x0000695a       0x26 contiki-sky.a(rtimer.o)
                0x0000695a                rtimer_run_next
 .text.timer_set
                0x00006980       0x1c contiki-sky.a(timer.o)
                0x00006980                timer_set
 .text.timer_reset
                0x0000699c        0xe contiki-sky.a(timer.o)
                0x0000699c                timer_reset
 .text.timer_restart
                0x000069aa       0x14 contiki-sky.a(timer.o)
                0x000069aa                timer_restart
 .text.timer_expired
                0x000069be       0x2a contiki-sky.a(timer.o)
                0x000069be                timer_expired
 .text.list_init
                0x000069e8        0x6 contiki-sky.a(list.o)
                0x000069e8                list_init
 .text.list_head
                0x000069ee        0x4 contiki-sky.a(list.o)
                0x000069ee                list_head
 .text.list_tail
                0x000069f2       0x12 contiki-sky.a(list.o)
                0x000069f2                list_tail
 .text.list_remove
                0x00006a04       0x34 contiki-sky.a(list.o)
                0x00006a04                list_remove
 .text.list_push
                0x00006a38       0x1a contiki-sky.a(list.o)
                0x00006a38                list_push
 .text.list_add
                0x00006a52       0x2a contiki-sky.a(list.o)
                0x00006a52                list_add
 .text.list_length
                0x00006a7c       0x10 contiki-sky.a(list.o)
                0x00006a7c                list_length
 .text.list_item_next
                0x00006a8c        0xc contiki-sky.a(list.o)
                0x00006a8c                list_item_next
 .text.memb_init
                0x00006a98       0x36 contiki-sky.a(memb.o)
                0x00006a98                memb_init
 .text.memb_alloc
                0x00006ace       0x3e contiki-sky.a(memb.o)
                0x00006ace                memb_alloc
 .text.memb_free
                0x00006b0c       0x3a contiki-sky.a(memb.o)
                0x00006b0c                memb_free
 .text.memb_inmemb
                0x00006b46       0x2a contiki-sky.a(memb.o)
                0x00006b46                memb_inmemb
 .text.memb_numfree
                0x00006b70       0x26 contiki-sky.a(memb.o)
                0x00006b70                memb_numfree
 .text.random_init
                0x00006b96        0x6 contiki-sky.a(random.o)
                0x00006b96                random_init
 .text.random_rand
                0x00006b9c        0x6 contiki-sky.a(random.o)
                0x00006b9c                random_rand
 .text.set_packet_attrs
                0x00006ba2       0x46 contiki-sky.a(sicslowpan.o)
 .text.addr_context_lookup_by_number
                0x00006be8       0x32 contiki-sky.a(sicslowpan.o)
 .text.compress_addr_64
                0x00006c1a       0xae contiki-sky.a(sicslowpan.o)
 .text.uncompress_addr
                0x00006cc8       0xb4 contiki-sky.a(sicslowpan.o)
 .text.input    0x00006d7c      0x64e contiki-sky.a(sicslowpan.o)
 .text.sicslowpan_init
                0x000073ca       0x26 contiki-sky.a(sicslowpan.o)
                0x000073ca                sicslowpan_init
 .text.addr_context_lookup_by_prefix
                0x000073f0       0x4c contiki-sky.a(sicslowpan.o)
 .text.packet_sent
                0x0000743c       0x22 contiki-sky.a(sicslowpan.o)
 .text.send_packet
                0x0000745e       0x1a contiki-sky.a(sicslowpan.o)
 .text.output   0x00007478      0x6c6 contiki-sky.a(sicslowpan.o)
 .text.chksum   0x00007b3e       0x32 contiki-sky.a(uip6.o)
 .text.upper_layer_chksum
                0x00007b70       0x56 contiki-sky.a(uip6.o)
 .text.ext_hdr_options_process
                0x00007bc6       0xd0 contiki-sky.a(uip6.o)
 .text.uip_add32
                0x00007c96       0x68 contiki-sky.a(uip6.o)
                0x00007c96                uip_add32
 .text.uip_add_rcv_nxt
                0x00007cfe       0x2e contiki-sky.a(uip6.o)
 .text.uip_icmp6chksum
                0x00007d2c        0xa contiki-sky.a(uip6.o)
                0x00007d2c                uip_icmp6chksum
 .text.uip_tcpchksum
                0x00007d36        0xa contiki-sky.a(uip6.o)
                0x00007d36                uip_tcpchksum
 .text.uip_udpchksum
                0x00007d40        0xa contiki-sky.a(uip6.o)
                0x00007d40                uip_udpchksum
 .text.uip_init
                0x00007d4a       0x7a contiki-sky.a(uip6.o)
                0x00007d4a                uip_init
 .text.remove_ext_hdr
                0x00007dc4       0x58 contiki-sky.a(uip6.o)
                0x00007dc4                remove_ext_hdr
 .text.uip_udp_new
                0x00007e1c       0xe4 contiki-sky.a(uip6.o)
                0x00007e1c                uip_udp_new
 .text.uip_unlisten
                0x00007f00       0x2a contiki-sky.a(uip6.o)
                0x00007f00                uip_unlisten
 .text.uip_listen
                0x00007f2a       0x2c contiki-sky.a(uip6.o)
                0x00007f2a                uip_listen
 .text.uip_process
                0x00007f56      0xe8e contiki-sky.a(uip6.o)
                0x00007f56                uip_process
 .text.uip_htonl
                0x00008de4       0x2e contiki-sky.a(uip6.o)
                0x00008de4                uip_htonl
 .text.uip_send
                0x00008e12       0x48 contiki-sky.a(uip6.o)
                0x00008e12                uip_send
 .text.uip_ds6_list_loop
                0x00008e5a       0x86 contiki-sky.a(uip-ds6.o)
                0x00008e5a                uip_ds6_list_loop
 .text.uip_ds6_prefix_add
                0x00008ee0       0x80 contiki-sky.a(uip-ds6.o)
                0x00008ee0                uip_ds6_prefix_add
 .text.uip_ds6_is_addr_onlink
                0x00008f60       0x54 contiki-sky.a(uip-ds6.o)
                0x00008f60                uip_ds6_is_addr_onlink
 .text.uip_ds6_addr_lookup
                0x00008fb4       0x2a contiki-sky.a(uip-ds6.o)
                0x00008fb4                uip_ds6_addr_lookup
 .text.uip_ds6_get_link_local
                0x00008fde       0x3e contiki-sky.a(uip-ds6.o)
                0x00008fde                uip_ds6_get_link_local
 .text.uip_ds6_maddr_add
                0x0000901c       0x4c contiki-sky.a(uip-ds6.o)
                0x0000901c                uip_ds6_maddr_add
 .text.uip_ds6_addr_add
                0x00009068       0xc4 contiki-sky.a(uip-ds6.o)
                0x00009068                uip_ds6_addr_add
 .text.uip_ds6_maddr_rm
                0x0000912c        0xa contiki-sky.a(uip-ds6.o)
                0x0000912c                uip_ds6_maddr_rm
 .text.uip_ds6_maddr_lookup
                0x00009136       0x2a contiki-sky.a(uip-ds6.o)
                0x00009136                uip_ds6_maddr_lookup
 .text.uip_ds6_addr_rm
                0x00009160       0x54 contiki-sky.a(uip-ds6.o)
                0x00009160                uip_ds6_addr_rm
 .text.uip_ds6_periodic
                0x000091b4       0x4a contiki-sky.a(uip-ds6.o)
                0x000091b4                uip_ds6_periodic
 .text.uip_ds6_set_addr_iid
                0x000091fe       0x14 contiki-sky.a(uip-ds6.o)
                0x000091fe                uip_ds6_set_addr_iid
 .text.get_match_length
                0x00009212       0x44 contiki-sky.a(uip-ds6.o)
                0x00009212                get_match_length
 .text.uip_ds6_select_src
                0x00009256       0xaa contiki-sky.a(uip-ds6.o)
                0x00009256                uip_ds6_select_src
 .text.uip_ds6_compute_reachable_time
                0x00009300       0x3e contiki-sky.a(uip-ds6.o)
                0x00009300                uip_ds6_compute_reachable_time
 .text.uip_ds6_init
                0x0000933e      0x154 contiki-sky.a(uip-ds6.o)
                0x0000933e                uip_ds6_init
 .text.uip_ds6_nbr_rm
                0x00009492       0x1a contiki-sky.a(uip-ds6-nbr.o)
                0x00009492                uip_ds6_nbr_rm
 .text.uip_ds6_neighbors_init
                0x000094ac        0xe contiki-sky.a(uip-ds6-nbr.o)
                0x000094ac                uip_ds6_neighbors_init
 .text.uip_ds6_nbr_add
                0x000094ba       0x60 contiki-sky.a(uip-ds6-nbr.o)
                0x000094ba                uip_ds6_nbr_add
 .text.uip_ds6_nbr_get_ll
                0x0000951a        0xc contiki-sky.a(uip-ds6-nbr.o)
                0x0000951a                uip_ds6_nbr_get_ll
 .text.uip_ds6_nbr_lookup
                0x00009526       0x42 contiki-sky.a(uip-ds6-nbr.o)
                0x00009526                uip_ds6_nbr_lookup
 .text.uip_ds6_nbr_ll_lookup
                0x00009568        0xc contiki-sky.a(uip-ds6-nbr.o)
                0x00009568                uip_ds6_nbr_ll_lookup
 .text.uip_ds6_nbr_ipaddr_from_lladdr
                0x00009574        0x6 contiki-sky.a(uip-ds6-nbr.o)
                0x00009574                uip_ds6_nbr_ipaddr_from_lladdr
 .text.uip_ds6_nbr_lladdr_from_ipaddr
                0x0000957a       0x12 contiki-sky.a(uip-ds6-nbr.o)
                0x0000957a                uip_ds6_nbr_lladdr_from_ipaddr
 .text.uip_ds6_link_neighbor_callback
                0x0000958c       0x2a contiki-sky.a(uip-ds6-nbr.o)
                0x0000958c                uip_ds6_link_neighbor_callback
 .text.uip_ds6_neighbor_periodic
                0x000095b6       0x60 contiki-sky.a(uip-ds6-nbr.o)
                0x000095b6                uip_ds6_neighbor_periodic
 .text.call_route_callback
                0x00009616       0x4c contiki-sky.a(uip-ds6-route.o)
 .text.uip_ds6_route_init
                0x00009662       0x36 contiki-sky.a(uip-ds6-route.o)
                0x00009662                uip_ds6_route_init
 .text.uip_ds6_route_nexthop
                0x00009698       0x1a contiki-sky.a(uip-ds6-route.o)
                0x00009698                uip_ds6_route_nexthop
 .text.uip_ds6_route_head
                0x000096b2        0xa contiki-sky.a(uip-ds6-route.o)
                0x000096b2                uip_ds6_route_head
 .text.uip_ds6_route_next
                0x000096bc        0xe contiki-sky.a(uip-ds6-route.o)
                0x000096bc                uip_ds6_route_next
 .text.uip_ds6_route_lookup
                0x000096ca       0x8c contiki-sky.a(uip-ds6-route.o)
                0x000096ca                uip_ds6_route_lookup
 .text.uip_ds6_route_rm
                0x00009756       0xa6 contiki-sky.a(uip-ds6-route.o)
                0x00009756                uip_ds6_route_rm
 .text.rm_routelist
                0x000097fc       0x34 contiki-sky.a(uip-ds6-route.o)
 .text.rm_routelist_callback
                0x00009830        0x6 contiki-sky.a(uip-ds6-route.o)
 .text.uip_ds6_route_add
                0x00009836      0x10c contiki-sky.a(uip-ds6-route.o)
                0x00009836                uip_ds6_route_add
 .text.uip_ds6_defrt_rm
                0x00009942       0x48 contiki-sky.a(uip-ds6-route.o)
                0x00009942                uip_ds6_defrt_rm
 .text.uip_ds6_defrt_lookup
                0x0000998a       0x36 contiki-sky.a(uip-ds6-route.o)
                0x0000998a                uip_ds6_defrt_lookup
 .text.uip_ds6_defrt_add
                0x000099c0       0x74 contiki-sky.a(uip-ds6-route.o)
                0x000099c0                uip_ds6_defrt_add
 .text.uip_ds6_defrt_choose
                0x00009a34       0x3a contiki-sky.a(uip-ds6-route.o)
                0x00009a34                uip_ds6_defrt_choose
 .text.uip_ds6_defrt_periodic
                0x00009a6e       0x38 contiki-sky.a(uip-ds6-route.o)
                0x00009a6e                uip_ds6_defrt_periodic
 .text.echo_reply_input
                0x00009aa6      0x110 contiki-sky.a(uip-icmp6.o)
 .text.echo_request_input
                0x00009bb6      0x12c contiki-sky.a(uip-icmp6.o)
 .text.uip_icmp6_input
                0x00009ce2       0x48 contiki-sky.a(uip-icmp6.o)
                0x00009ce2                uip_icmp6_input
 .text.uip_icmp6_register_input_handler
                0x00009d2a        0xc contiki-sky.a(uip-icmp6.o)
                0x00009d2a                uip_icmp6_register_input_handler
 .text.uip_icmp6_error_output
                0x00009d36      0x17e contiki-sky.a(uip-icmp6.o)
                0x00009d36                uip_icmp6_error_output
 .text.uip_icmp6_send
                0x00009eb4       0x94 contiki-sky.a(uip-icmp6.o)
                0x00009eb4                uip_icmp6_send
 .text.uip_icmp6_init
                0x00009f48       0x12 contiki-sky.a(uip-icmp6.o)
                0x00009f48                uip_icmp6_init
 .text.uip_nd6_init
                0x00009f5a        0x2 contiki-sky.a(uip-nd6.o)
                0x00009f5a                uip_nd6_init
 .text.psock_send
                0x00009f5c       0xae contiki-sky.a(psock.o)
                0x00009f5c                psock_send
 .text.psock_datalen
                0x0000a00a        0xc contiki-sky.a(psock.o)
                0x0000a00a                psock_datalen
 .text.psock_newdata
                0x0000a016       0x26 contiki-sky.a(psock.o)
                0x0000a016                psock_newdata
 .text.psock_readto
                0x0000a03c       0xbc contiki-sky.a(psock.o)
                0x0000a03c                psock_readto
 .text.psock_init
                0x0000a0f8       0x22 contiki-sky.a(psock.o)
                0x0000a0f8                psock_init
 .text.process_thread_simple_udp_process
                0x0000a11a       0xae contiki-sky.a(simple-udp.o)
 .text.simple_udp_register
                0x0000a1c8       0x92 contiki-sky.a(simple-udp.o)
                0x0000a1c8                simple_udp_register
 .text.start_periodic_tcp_timer
                0x0000a25a       0x16 contiki-sky.a(tcpip.o)
 .text.tcpip_output
                0x0000a270       0x10 contiki-sky.a(tcpip.o)
                0x0000a270                tcpip_output
 .text.tcpip_set_outputfunc
                0x0000a280        0x6 contiki-sky.a(tcpip.o)
                0x0000a280                tcpip_set_outputfunc
 .text.tcp_listen
                0x0000a286       0x3a contiki-sky.a(tcpip.o)
                0x0000a286                tcp_listen
 .text.tcp_attach
                0x0000a2c0        0xc contiki-sky.a(tcpip.o)
                0x0000a2c0                tcp_attach
 .text.udp_new  0x0000a2cc       0x1a contiki-sky.a(tcpip.o)
                0x0000a2cc                udp_new
 .text.tcpip_input
                0x0000a2e6       0x16 contiki-sky.a(tcpip.o)
                0x0000a2e6                tcpip_input
 .text.tcpip_ipv6_output
                0x0000a2fc       0xd4 contiki-sky.a(tcpip.o)
                0x0000a2fc                tcpip_ipv6_output
 .text.process_thread_tcpip_process
                0x0000a3d0      0x1d4 contiki-sky.a(tcpip.o)
 .text.tcpip_uipcall
                0x0000a5a4       0x70 contiki-sky.a(tcpip.o)
                0x0000a5a4                tcpip_uipcall
 .text.uip_debug_ipaddr_print
                0x0000a614       0x7e contiki-sky.a(uip-debug.o)
                0x0000a614                uip_debug_ipaddr_print
 .text.rpl_get_mode
                0x0000a692        0x6 contiki-sky.a(rpl.o)
                0x0000a692                rpl_get_mode
 .text.rpl_purge_routes
                0x0000a698       0x96 contiki-sky.a(rpl.o)
                0x0000a698                rpl_purge_routes
 .text.rpl_remove_routes
                0x0000a72e       0x22 contiki-sky.a(rpl.o)
                0x0000a72e                rpl_remove_routes
 .text.rpl_remove_routes_by_nexthop
                0x0000a750       0x46 contiki-sky.a(rpl.o)
                0x0000a750                rpl_remove_routes_by_nexthop
 .text.rpl_add_route
                0x0000a796       0x48 contiki-sky.a(rpl.o)
                0x0000a796                rpl_add_route
 .text.rpl_link_neighbor_callback
                0x0000a7de       0x7c contiki-sky.a(rpl.o)
                0x0000a7de                rpl_link_neighbor_callback
 .text.rpl_ipv6_neighbor_callback
                0x0000a85a       0x1e contiki-sky.a(rpl.o)
                0x0000a85a                rpl_ipv6_neighbor_callback
 .text.rpl_init
                0x0000a878       0x4a contiki-sky.a(rpl.o)
                0x0000a878                rpl_init
 .text.lollipop_greater_than
                0x0000a8c2       0x3c contiki-sky.a(rpl-dag.o)
 .text.find_parent_any_dag_any_instance
                0x0000a8fe       0x14 contiki-sky.a(rpl-dag.o)
 .text.rpl_set_preferred_parent
                0x0000a912       0x30 contiki-sky.a(rpl-dag.o)
 .text.set_ip_from_prefix
                0x0000a942       0x38 contiki-sky.a(rpl-dag.o)
 .text.check_prefix
                0x0000a97a       0x80 contiki-sky.a(rpl-dag.o)
 .text.rpl_get_nbr
                0x0000a9fa       0x1e contiki-sky.a(rpl-dag.o)
                0x0000a9fa                rpl_get_nbr
 .text.rpl_dag_init
                0x0000aa18        0xe contiki-sky.a(rpl-dag.o)
                0x0000aa18                rpl_dag_init
 .text.rpl_get_parent
                0x0000aa26        0xc contiki-sky.a(rpl-dag.o)
                0x0000aa26                rpl_get_parent
 .text.rpl_get_parent_ipaddr
                0x0000aa32       0x10 contiki-sky.a(rpl-dag.o)
                0x0000aa32                rpl_get_parent_ipaddr
 .text.rpl_set_prefix
                0x0000aa42       0x8e contiki-sky.a(rpl-dag.o)
                0x0000aa42                rpl_set_prefix
 .text.rpl_set_default_route
                0x0000aad0       0x64 contiki-sky.a(rpl-dag.o)
                0x0000aad0                rpl_set_default_route
 .text.rpl_alloc_instance
                0x0000ab34       0x34 contiki-sky.a(rpl-dag.o)
                0x0000ab34                rpl_alloc_instance
 .text.rpl_add_parent
                0x0000ab68       0x56 contiki-sky.a(rpl-dag.o)
                0x0000ab68                rpl_add_parent
 .text.rpl_find_parent
                0x0000abbe       0x1c contiki-sky.a(rpl-dag.o)
                0x0000abbe                rpl_find_parent
 .text.rpl_find_parent_any_dag
                0x0000abda       0x24 contiki-sky.a(rpl-dag.o)
                0x0000abda                rpl_find_parent_any_dag
 .text.rpl_select_parent
                0x0000abfe       0x7e contiki-sky.a(rpl-dag.o)
                0x0000abfe                rpl_select_parent
 .text.rpl_select_dag
                0x0000ac7c      0x1ae contiki-sky.a(rpl-dag.o)
                0x0000ac7c                rpl_select_dag
 .text.rpl_nullify_parent
                0x0000ae2a       0x54 contiki-sky.a(rpl-dag.o)
                0x0000ae2a                rpl_nullify_parent
 .text.rpl_remove_parent
                0x0000ae7e       0x16 contiki-sky.a(rpl-dag.o)
                0x0000ae7e                rpl_remove_parent
 .text.nbr_callback
                0x0000ae94        0x6 contiki-sky.a(rpl-dag.o)
 .text.remove_parents.constprop.5
                0x0000ae9a       0x32 contiki-sky.a(rpl-dag.o)
 .text.rpl_move_parent
                0x0000aecc       0x5a contiki-sky.a(rpl-dag.o)
                0x0000aecc                rpl_move_parent
 .text.rpl_get_any_dag
                0x0000af26       0x16 contiki-sky.a(rpl-dag.o)
                0x0000af26                rpl_get_any_dag
 .text.rpl_get_instance
                0x0000af3c       0x16 contiki-sky.a(rpl-dag.o)
                0x0000af3c                rpl_get_instance
 .text.rpl_alloc_dag
                0x0000af52       0x64 contiki-sky.a(rpl-dag.o)
                0x0000af52                rpl_alloc_dag
 .text.rpl_repair_root
                0x0000afb6       0x4c contiki-sky.a(rpl-dag.o)
                0x0000afb6                rpl_repair_root
 .text.rpl_find_of
                0x0000b002       0x10 contiki-sky.a(rpl-dag.o)
                0x0000b002                rpl_find_of
 .text.rpl_join_instance
                0x0000b012      0x13c contiki-sky.a(rpl-dag.o)
                0x0000b012                rpl_join_instance
 .text.rpl_local_repair
                0x0000b14e       0x80 contiki-sky.a(rpl-dag.o)
                0x0000b14e                rpl_local_repair
 .text.rpl_process_parent_event
                0x0000b1ce       0x80 contiki-sky.a(rpl-dag.o)
                0x0000b1ce                rpl_process_parent_event
 .text.rpl_recalculate_ranks
                0x0000b24e       0x46 contiki-sky.a(rpl-dag.o)
                0x0000b24e                rpl_recalculate_ranks
 .text.rpl_add_dag
                0x0000b294      0x112 contiki-sky.a(rpl-dag.o)
                0x0000b294                rpl_add_dag
 .text.rpl_process_dio
                0x0000b3a6      0x2f8 contiki-sky.a(rpl-dag.o)
                0x0000b3a6                rpl_process_dio
 .text.rpl_lock_parent
                0x0000b69e        0xc contiki-sky.a(rpl-dag.o)
                0x0000b69e                rpl_lock_parent
 .text.rpl_verify_header
                0x0000b6aa       0xb2 contiki-sky.a(rpl-ext-header.)
                0x0000b6aa                rpl_verify_header
 .text.rpl_update_header_empty
                0x0000b75c      0x132 contiki-sky.a(rpl-ext-header.)
                0x0000b75c                rpl_update_header_empty
 .text.rpl_update_header_final
                0x0000b88e       0x90 contiki-sky.a(rpl-ext-header.)
                0x0000b88e                rpl_update_header_final
 .text.rpl_invert_header
                0x0000b91e       0x7c contiki-sky.a(rpl-ext-header.)
                0x0000b91e                rpl_invert_header
 .text.rpl_insert_header
                0x0000b99a       0x12 contiki-sky.a(rpl-ext-header.)
                0x0000b99a                rpl_insert_header
 .text.get32    0x0000b9ac       0x46 contiki-sky.a(rpl-icmp6.o)
 .text.set32    0x0000b9f2       0x2a contiki-sky.a(rpl-icmp6.o)
 .text.get16    0x0000ba1c        0xe contiki-sky.a(rpl-icmp6.o)
 .text.set16    0x0000ba2a       0x10 contiki-sky.a(rpl-icmp6.o)
 .text.dao_ack_input
                0x0000ba3a        0x6 contiki-sky.a(rpl-icmp6.o)
 .text.dio_input
                0x0000ba40      0x2d8 contiki-sky.a(rpl-icmp6.o)
 .text.dis_output
                0x0000bd18       0x50 contiki-sky.a(rpl-icmp6.o)
                0x0000bd18                dis_output
 .text.dio_output
                0x0000bd68      0x268 contiki-sky.a(rpl-icmp6.o)
                0x0000bd68                dio_output
 .text.dis_input
                0x0000bfd0       0x28 contiki-sky.a(rpl-icmp6.o)
 .text.dao_output_target
                0x0000bff8       0xe4 contiki-sky.a(rpl-icmp6.o)
                0x0000bff8                dao_output_target
 .text.dao_output
                0x0000c0dc       0x7e contiki-sky.a(rpl-icmp6.o)
                0x0000c0dc                dao_output
 .text.dao_ack_output
                0x0000c15a       0x32 contiki-sky.a(rpl-icmp6.o)
                0x0000c15a                dao_ack_output
 .text.dao_input
                0x0000c18c      0x2ac contiki-sky.a(rpl-icmp6.o)
 .text.rpl_icmp6_register_handlers
                0x0000c438       0x22 contiki-sky.a(rpl-icmp6.o)
                0x0000c438                rpl_icmp6_register_handlers
 .text.reset    0x0000c45a        0x2 contiki-sky.a(rpl-mrhof.o)
 .text.update_metric_container
                0x0000c45c        0x6 contiki-sky.a(rpl-mrhof.o)
 .text.calculate_rank
                0x0000c462       0x42 contiki-sky.a(rpl-mrhof.o)
 .text.neighbor_link_callback
                0x0000c4a4       0x9c contiki-sky.a(rpl-mrhof.o)
 .text.best_dag
                0x0000c540       0x2e contiki-sky.a(rpl-mrhof.o)
 .text.best_parent
                0x0000c56e       0x74 contiki-sky.a(rpl-mrhof.o)
 .text.new_dio_interval
                0x0000c5e2       0x92 contiki-sky.a(rpl-timers.o)
 .text.set_dao_lifetime_timer
                0x0000c674       0x66 contiki-sky.a(rpl-timers.o)
 .text.handle_periodic_timer
                0x0000c6da       0x2e contiki-sky.a(rpl-timers.o)
 .text.schedule_dao
                0x0000c708       0x82 contiki-sky.a(rpl-timers.o)
 .text.handle_dio_timer
                0x0000c78a       0x88 contiki-sky.a(rpl-timers.o)
 .text.handle_dao_timer
                0x0000c812       0x64 contiki-sky.a(rpl-timers.o)
 .text.rpl_reset_periodic_timer
                0x0000c876       0x54 contiki-sky.a(rpl-timers.o)
                0x0000c876                rpl_reset_periodic_timer
 .text.rpl_reset_dio_timer
                0x0000c8ca       0x18 contiki-sky.a(rpl-timers.o)
                0x0000c8ca                rpl_reset_dio_timer
 .text.rpl_schedule_dao
                0x0000c8e2        0xc contiki-sky.a(rpl-timers.o)
                0x0000c8e2                rpl_schedule_dao
 .text.rpl_schedule_probing
                0x0000c8ee       0x3c contiki-sky.a(rpl-timers.o)
                0x0000c8ee                rpl_schedule_probing
 .text.handle_probing_timer
                0x0000c92a      0x12a contiki-sky.a(rpl-timers.o)
 .text.input_packet
                0x0000ca54        0x6 contiki-sky.a(csma.o)
 .text.on       0x0000ca5a        0x6 contiki-sky.a(csma.o)
 .text.off      0x0000ca60        0x6 contiki-sky.a(csma.o)
 .text.channel_check_interval
                0x0000ca66       0x10 contiki-sky.a(csma.o)
 .text.transmit_packet_list
                0x0000ca76       0x24 contiki-sky.a(csma.o)
 .text.init     0x0000ca9a       0x1a contiki-sky.a(csma.o)
 .text.send_packet
                0x0000cab4      0x178 contiki-sky.a(csma.o)
 .text.free_packet
                0x0000cc2c       0x9c contiki-sky.a(csma.o)
 .text.packet_sent
                0x0000ccc8      0x132 contiki-sky.a(csma.o)
 .text.create_frame.isra.0
                0x0000cdfa      0x108 contiki-sky.a(framer-802154.o)
 .text.create   0x0000cf02        0x8 contiki-sky.a(framer-802154.o)
 .text.hdr_length
                0x0000cf0a        0x8 contiki-sky.a(framer-802154.o)
 .text.parse    0x0000cf12       0xa2 contiki-sky.a(framer-802154.o)
 .text.framer_canonical_create_and_secure
                0x0000cfb4       0x20 contiki-sky.a(framer.o)
                0x0000cfb4                framer_canonical_create_and_secure
 .text.mac_call_sent_callback
                0x0000cfd4       0x14 contiki-sky.a(mac.o)
                0x0000cfd4                mac_call_sent_callback
 .text.linkaddr_copy
                0x0000cfe8        0x8 contiki-sky.a(linkaddr.o)
                0x0000cfe8                linkaddr_copy
 .text.linkaddr_cmp
                0x0000cff0       0x12 contiki-sky.a(linkaddr.o)
                0x0000cff0                linkaddr_cmp
 .text.linkaddr_set_node_addr
                0x0000d002        0xc contiki-sky.a(linkaddr.o)
                0x0000d002                linkaddr_set_node_addr
 .text.item_from_index
                0x0000d00e       0x2a contiki-sky.a(nbr-table.o)
 .text.index_from_key
                0x0000d038       0x26 contiki-sky.a(nbr-table.o)
 .text.index_from_item
                0x0000d05e       0x1e contiki-sky.a(nbr-table.o)
 .text.nbr_set_bit
                0x0000d07c       0x58 contiki-sky.a(nbr-table.o)
 .text.index_from_lladdr
                0x0000d0d4       0x42 contiki-sky.a(nbr-table.o)
 .text.nbr_get_bit.constprop.0
                0x0000d116       0x2e contiki-sky.a(nbr-table.o)
 .text.nbr_table_register
                0x0000d144       0x26 contiki-sky.a(nbr-table.o)
                0x0000d144                nbr_table_register
 .text.nbr_table_next
                0x0000d16a       0x54 contiki-sky.a(nbr-table.o)
                0x0000d16a                nbr_table_next
 .text.nbr_table_head
                0x0000d1be       0x3a contiki-sky.a(nbr-table.o)
                0x0000d1be                nbr_table_head
 .text.nbr_table_add_lladdr
                0x0000d1f8      0x128 contiki-sky.a(nbr-table.o)
                0x0000d1f8                nbr_table_add_lladdr
 .text.nbr_table_get_from_lladdr
                0x0000d320       0x2c contiki-sky.a(nbr-table.o)
                0x0000d320                nbr_table_get_from_lladdr
 .text.nbr_table_remove
                0x0000d34c       0x32 contiki-sky.a(nbr-table.o)
                0x0000d34c                nbr_table_remove
 .text.nbr_table_lock
                0x0000d37e       0x10 contiki-sky.a(nbr-table.o)
                0x0000d37e                nbr_table_lock
 .text.nbr_table_unlock
                0x0000d38e       0x10 contiki-sky.a(nbr-table.o)
                0x0000d38e                nbr_table_unlock
 .text.nbr_table_get_lladdr
                0x0000d39e       0x22 contiki-sky.a(nbr-table.o)
                0x0000d39e                nbr_table_get_lladdr
 .text.packetbuf_compact
                0x0000d3c0       0x2e contiki-sky.a(packetbuf.o)
                0x0000d3c0                packetbuf_compact
 .text.packetbuf_copyto
                0x0000d3ee       0x52 contiki-sky.a(packetbuf.o)
                0x0000d3ee                packetbuf_copyto
 .text.packetbuf_hdrreduce
                0x0000d440       0x1a contiki-sky.a(packetbuf.o)
                0x0000d440                packetbuf_hdrreduce
 .text.packetbuf_set_datalen
                0x0000d45a        0x6 contiki-sky.a(packetbuf.o)
                0x0000d45a                packetbuf_set_datalen
 .text.packetbuf_dataptr
                0x0000d460        0xe contiki-sky.a(packetbuf.o)
                0x0000d460                packetbuf_dataptr
 .text.packetbuf_hdrptr
                0x0000d46e        0xa contiki-sky.a(packetbuf.o)
                0x0000d46e                packetbuf_hdrptr
 .text.packetbuf_datalen
                0x0000d478        0x6 contiki-sky.a(packetbuf.o)
                0x0000d478                packetbuf_datalen
 .text.packetbuf_hdrlen
                0x0000d47e       0x10 contiki-sky.a(packetbuf.o)
                0x0000d47e                packetbuf_hdrlen
 .text.packetbuf_totlen
                0x0000d48e        0xc contiki-sky.a(packetbuf.o)
                0x0000d48e                packetbuf_totlen
 .text.packetbuf_hdralloc
                0x0000d49a       0x2e contiki-sky.a(packetbuf.o)
                0x0000d49a                packetbuf_hdralloc
 .text.packetbuf_attr_clear
                0x0000d4c8       0x28 contiki-sky.a(packetbuf.o)
                0x0000d4c8                packetbuf_attr_clear
 .text.packetbuf_clear
                0x0000d4f0       0x1a contiki-sky.a(packetbuf.o)
                0x0000d4f0                packetbuf_clear
 .text.packetbuf_copyfrom
                0x0000d50a       0x2e contiki-sky.a(packetbuf.o)
                0x0000d50a                packetbuf_copyfrom
 .text.packetbuf_attr_copyto
                0x0000d538       0x22 contiki-sky.a(packetbuf.o)
                0x0000d538                packetbuf_attr_copyto
 .text.packetbuf_attr_copyfrom
                0x0000d55a       0x24 contiki-sky.a(packetbuf.o)
                0x0000d55a                packetbuf_attr_copyfrom
 .text.packetbuf_holds_broadcast
                0x0000d57e        0xe contiki-sky.a(packetbuf.o)
                0x0000d57e                packetbuf_holds_broadcast
 .text.queuebuf_init
                0x0000d58c       0x12 contiki-sky.a(queuebuf.o)
                0x0000d58c                queuebuf_init
 .text.queuebuf_numfree
                0x0000d59e        0xa contiki-sky.a(queuebuf.o)
                0x0000d59e                queuebuf_numfree
 .text.queuebuf_new_from_packetbuf
                0x0000d5a8       0x52 contiki-sky.a(queuebuf.o)
                0x0000d5a8                queuebuf_new_from_packetbuf
 .text.queuebuf_update_attr_from_packetbuf
                0x0000d5fa       0x12 contiki-sky.a(queuebuf.o)
                0x0000d5fa                queuebuf_update_attr_from_packetbuf
 .text.queuebuf_update_from_packetbuf
                0x0000d60c       0x22 contiki-sky.a(queuebuf.o)
                0x0000d60c                queuebuf_update_from_packetbuf
 .text.queuebuf_free
                0x0000d62e       0x2a contiki-sky.a(queuebuf.o)
                0x0000d62e                queuebuf_free
 .text.queuebuf_to_packetbuf
                0x0000d658       0x32 contiki-sky.a(queuebuf.o)
                0x0000d658                queuebuf_to_packetbuf
 .text.queuebuf_attr
                0x0000d68a        0xe contiki-sky.a(queuebuf.o)
                0x0000d68a                queuebuf_attr
 .text.duty_cycle
                0x0000d698        0x6 contiki-sky.a(contikimac.o)
 .text.init     0x0000d69e       0x2a contiki-sky.a(contikimac.o)
 .text.on       0x0000d6c8       0x1a contiki-sky.a(contikimac.o)
 .text.off      0x0000d6e2       0x22 contiki-sky.a(contikimac.o)
 .text.recv_burst_off
                0x0000d704        0xa contiki-sky.a(contikimac.o)
 .text.turn_off
                0x0000d70e       0x20 contiki-sky.a(contikimac.o)
 .text.turn_on  0x0000d72e       0x30 contiki-sky.a(contikimac.o)
 .text.schedule_powercycle_fixed.part.4
                0x0000d75e       0x34 contiki-sky.a(contikimac.o)
 .text.powercycle_turn_radio_off
                0x0000d792       0x30 contiki-sky.a(contikimac.o)
 .text.input_packet
                0x0000d7c2       0xb6 contiki-sky.a(contikimac.o)
 .text.send_packet.isra.7
                0x0000d878      0x20c contiki-sky.a(contikimac.o)
 .text.qsend_list
                0x0000da84       0xc4 contiki-sky.a(contikimac.o)
 .text.qsend_packet
                0x0000db48       0x28 contiki-sky.a(contikimac.o)
 .text.powercycle
                0x0000db70      0x1d6 contiki-sky.a(contikimac.o)
 .text.bootstrap
                0x0000dd46        0x4 contiki-sky.a(nullsec.o)
 .text.send     0x0000dd4a        0xa contiki-sky.a(nullsec.o)
 .text.on_frame_created
                0x0000dd54        0x4 contiki-sky.a(nullsec.o)
 .text.input    0x0000dd58        0x6 contiki-sky.a(nullsec.o)
 .text.get_overhead
                0x0000dd5e        0x4 contiki-sky.a(nullsec.o)
 .text.spi_init
                0x0000dd62       0x30 contiki-sky.a(spi.o)
                0x0000dd62                spi_init
 .text.compower_accumulate
                0x0000dd92       0x72 contiki-sky.a(compower.o)
                0x0000dd92                compower_accumulate
 .text.compower_clear
                0x0000de04       0x12 contiki-sky.a(compower.o)
                0x0000de04                compower_clear
 .text.compower_attrconv
                0x0000de16       0x10 contiki-sky.a(compower.o)
                0x0000de16                compower_attrconv
 .text.stimer_set
                0x0000de26       0x1c contiki-sky.a(stimer.o)
                0x0000de26                stimer_set
 .text.stimer_expired
                0x0000de42       0x30 contiki-sky.a(stimer.o)
                0x0000de42                stimer_expired
 .text.field_len
                0x0000de72       0x90 contiki-sky.a(frame802154.o)
 .text.frame802154_hdrlen
                0x0000df02       0x2e contiki-sky.a(frame802154.o)
                0x0000df02                frame802154_hdrlen
 .text.frame802154_create
                0x0000df30      0x146 contiki-sky.a(frame802154.o)
                0x0000df30                frame802154_create
 .text.frame802154_parse
                0x0000e076      0x1ba contiki-sky.a(frame802154.o)
                0x0000e076                frame802154_parse
 .text.mac_sequence_is_duplicate
                0x0000e230       0x44 contiki-sky.a(mac-sequence.o)
                0x0000e230                mac_sequence_is_duplicate
 .text.mac_sequence_register_seqno
                0x0000e274       0x72 contiki-sky.a(mac-sequence.o)
                0x0000e274                mac_sequence_register_seqno
 .text.libgcc   0x0000e2e6       0x2c /usr/local/msp430/bin/../lib/gcc/msp430/4.7.0/mmpy-16/libgcc.a(_mulsi3.o)
                0x0000e2e6                __mulsi3
 .text.libgcc   0x0000e312       0x22 /usr/local/msp430/bin/../lib/gcc/msp430/4.7.0/mmpy-16/libgcc.a(_udivmod16.o)
                0x0000e312                __udivhi3
                0x0000e312                __ext_udivmod16
                0x0000e32c                __umodhi3
 .text.libgcc   0x0000e334       0x3a /usr/local/msp430/bin/../lib/gcc/msp430/4.7.0/mmpy-16/libgcc.a(_divmod16.o)
                0x0000e334                __ext_divmod16
                0x0000e334                __divhi3
                0x0000e366                __modhi3
 .text.libgcc   0x0000e36e       0x40 /usr/local/msp430/bin/../lib/gcc/msp430/4.7.0/mmpy-16/libgcc.a(_udivmod32.o)
                0x0000e36e                __udivsi3
                0x0000e36e                __ext_udivmod32
                0x0000e3a4                __umodsi3
 .text.printf   0x0000e3ae       0x10 /usr/local/msp430/bin/../lib/gcc/msp430/4.7.0/../../../../msp430/lib/mmpy-16/libc.a(printf.o)
                0x0000e3ae                printf
 .text.append   0x0000e3be       0x22 /usr/local/msp430/bin/../lib/gcc/msp430/4.7.0/../../../../msp430/lib/mmpy-16/libc.a(sprintf.o)
 .text.call_vuprintf
                0x0000e3e0       0x3a /usr/local/msp430/bin/../lib/gcc/msp430/4.7.0/../../../../msp430/lib/mmpy-16/libc.a(sprintf.o)
 .text.snprintf
                0x0000e41a       0x1a /usr/local/msp430/bin/../lib/gcc/msp430/4.7.0/../../../../msp430/lib/mmpy-16/libc.a(sprintf.o)
                0x0000e41a                snprintf
 .text.print_field
                0x0000e434      0x194 /usr/local/msp430/bin/../lib/gcc/msp430/4.7.0/../../../../msp430/lib/mmpy-16/libc.a(vuprintf.o)
 .text.vuprintf
                0x0000e5c8      0x63c /usr/local/msp430/bin/../lib/gcc/msp430/4.7.0/../../../../msp430/lib/mmpy-16/libc.a(vuprintf.o)
                0x0000e5c8                vuprintf
 .text.puts     0x0000ec04       0x2c /usr/local/msp430/bin/../lib/gcc/msp430/4.7.0/../../../../msp430/lib/mmpy-16/libc.a(puts.o)
                0x0000ec04                puts
 .text.rand     0x0000ec30       0x26 /usr/local/msp430/bin/../lib/gcc/msp430/4.7.0/../../../../msp430/lib/mmpy-16/libc.a(rand.o)
                0x0000ec30                rand
 .text.srand    0x0000ec56        0xa /usr/local/msp430/bin/../lib/gcc/msp430/4.7.0/../../../../msp430/lib/mmpy-16/libc.a(rand.o)
                0x0000ec56                srand
 .text.strncmp  0x0000ec60       0x2a /usr/local/msp430/bin/../lib/gcc/msp430/4.7.0/../../../../msp430/lib/mmpy-16/libc.a(strncmp.o)
                0x0000ec60                strncmp
 .text.memcmp   0x0000ec8a       0x30 /usr/local/msp430/bin/../lib/gcc/msp430/4.7.0/../../../../msp430/lib/mmpy-16/libc.a(memcmp.o)
                0x0000ec8a                memcmp
 .text.strncpy  0x0000ecba       0x2a /usr/local/msp430/bin/../lib/gcc/msp430/4.7.0/../../../../msp430/lib/mmpy-16/libc.a(strncpy.o)
                0x0000ecba                strncpy
 .text.memcpy   0x0000ece4       0xfa /usr/local/msp430/bin/../lib/gcc/msp430/4.7.0/../../../../msp430/lib/mmpy-16/libc.a(memcpy.o)
                0x0000ece4                memcpy
 .text.memmove  0x0000edde       0xfa /usr/local/msp430/bin/../lib/gcc/msp430/4.7.0/../../../../msp430/lib/mmpy-16/libc.a(memmove.o)
                0x0000edde                memmove
 .text.memset   0x0000eed8       0x6a /usr/local/msp430/bin/../lib/gcc/msp430/4.7.0/../../../../msp430/lib/mmpy-16/libc.a(memset.o)
                0x0000eed8                memset
 .text.libgcc   0x0000ef42       0xf0 /usr/local/msp430/bin/../lib/gcc/msp430/4.7.0/mmpy-16/libgcc.a(_udivmod64.o)
                0x0000ef42                __xabi_udivmod64
                0x0000efa0                __udivdi3
                0x0000efc6                __umoddi3
                0x0000eff4                __udivmoddi4
 .text.crt0     0x0000f032        0x2 /usr/local/msp430/bin/../lib/gcc/msp430/4.7.0/mmpy-16/libcrt0.a(_unexpected_.o)
                0x0000f032                _unexpected_
 *(.near.text .near.text.*)

.rodata         0x0000f034      0x5df
                0x0000f034                . = ALIGN (0x2)
 *(.rodata .rodata.* .gnu.linkonce.r.*)
 .rodata        0x0000f034      0x1de street-light.co
                0x0000f1f2                autostart_processes
 .rodata        0x0000f212      0x148 obj_sky/httpd-simple.o
                0x0000f27a                http_index_html
                0x0000f286                http_get
                0x0000f28b                http_header_404
                0x0000f2e8                http_header_200
                0x0000f33e                http_content_type_html
 .rodata        0x0000f35a      0x12e obj_sky/contiki-sky-main.o
 .rodata        0x0000f488        0xe contiki-sky.a(light-sensor.o)
                0x0000f48e                light_sensor
 .rodata        0x0000f496       0x10 contiki-sky.a(button-sensor.o)
                0x0000f49e                button_sensor
 .rodata        0x0000f4a6        0x8 contiki-sky.a(sensors.o)
 *fill*         0x0000f4ae        0x2 00
 .rodata.get_value
                0x0000f4b0       0x1c contiki-sky.a(cc2420.o)
 .rodata        0x0000f4cc       0x3e contiki-sky.a(cc2420.o)
                0x0000f4cc                cc2420_aes_128_driver
                0x0000f4d0                cc2420_driver
 .rodata        0x0000f50a        0xf contiki-sky.a(ctimer.o)
 .rodata        0x0000f519        0xc contiki-sky.a(etimer.o)
 *fill*         0x0000f525        0x1 00
 .rodata        0x0000f526       0x24 contiki-sky.a(sicslowpan.o)
                0x0000f532                sicslowpan_driver
                0x0000f538                llprefix
                0x0000f53a                unc_mxconf
                0x0000f53e                unc_ctxconf
                0x0000f542                unc_llconf
 *fill*         0x0000f54a        0x2 00
 .rodata.uip_process
                0x0000f54c       0x20 contiki-sky.a(uip6.o)
 .rodata        0x0000f56c       0x13 contiki-sky.a(simple-udp.o)
 .rodata        0x0000f57f        0xd contiki-sky.a(tcpip.o)
 .rodata        0x0000f58c       0x29 contiki-sky.a(uip-debug.o)
 *fill*         0x0000f5b5        0x1 00
 .rodata        0x0000f5b6       0x14 contiki-sky.a(csma.o)
                0x0000f5bc                csma_driver
 .rodata        0x0000f5ca        0x8 contiki-sky.a(framer-802154.o)
                0x0000f5ca                framer_802154
 .rodata        0x0000f5d2        0x8 contiki-sky.a(linkaddr.o)
                0x0000f5d2                linkaddr_null
 .rodata        0x0000f5da       0x1c contiki-sky.a(contikimac.o)
                0x0000f5e6                contikimac_driver
 .rodata        0x0000f5f6       0x14 contiki-sky.a(nullsec.o)
                0x0000f5fe                nullsec_driver
 .rodata        0x0000f60a        0x2 contiki-sky.a(frame802154.o)
 .rodata.vuprintf
                0x0000f60c        0x7 /usr/local/msp430/bin/../lib/gcc/msp430/4.7.0/../../../../msp430/lib/mmpy-16/libc.a(vuprintf.o)
 *(.near.rodata .near.rodata.*)
                0x0000f614                . = ALIGN (0x2)
                0x0000f614                _etext = .

.data           0x00001100       0xfa load address 0x0000f614
                0x00001100                . = ALIGN (0x2)
                0x00001100                __data_start = .
 *(.data .data.* .gnu.linkonce.d.*)
 .data          0x00001100       0x14 street-light.co
                0x00001100                webserver_nogui_process
                0x0000110a                sensor_process
 .data          0x00001114        0x8 obj_sky/httpd-simple.o
 .data          0x0000111c        0x4 contiki-sky.a(contiki-sky-pla)
                0x0000111c                sensors
 .data          0x00001120        0xa contiki-sky.a(sensors.o)
                0x00001120                sensors_process
 .data          0x0000112a        0xa contiki-sky.a(cc2420.o)
                0x0000112a                cc2420_process
 .data          0x00001134        0x2 contiki-sky.a(msp430.o)
 .data          0x00001136        0xa contiki-sky.a(ctimer.o)
                0x00001136                ctimer_process
 .data          0x00001140        0xa contiki-sky.a(etimer.o)
                0x00001140                etimer_process
 .data          0x0000114a        0xa contiki-sky.a(uip-ds6-nbr.o)
                0x0000114a                ds6_neighbors
 .data          0x00001154       0x20 contiki-sky.a(uip-ds6-route.o)
 .data          0x00001174        0xc contiki-sky.a(uip-icmp6.o)
 .data          0x00001180        0xa contiki-sky.a(simple-udp.o)
                0x00001180                simple_udp_process
 .data          0x0000118a        0xa contiki-sky.a(tcpip.o)
                0x0000118a                tcpip_process
 .data          0x00001194        0xa contiki-sky.a(rpl-dag.o)
                0x00001194                rpl_parents
 .data          0x0000119e       0x1a contiki-sky.a(rpl-icmp6.o)
 .data          0x000011b8        0xe contiki-sky.a(rpl-mrhof.o)
                0x000011b8                rpl_mrhof
 .data          0x000011c6       0x18 contiki-sky.a(csma.o)
 .data          0x000011de        0x8 contiki-sky.a(nbr-table.o)
 .data          0x000011e6       0x10 contiki-sky.a(queuebuf.o)
 .data.next     0x000011f6        0x4 /usr/local/msp430/bin/../lib/gcc/msp430/4.7.0/../../../../msp430/lib/mmpy-16/libc.a(rand.o)
 *(.near.data .near.data.*)
                0x000011fa                . = ALIGN (0x2)
                0x000011fa                _edata = .
                0x0000f614                __data_load_start = LOADADDR (.data)
                0x000000fa                __data_size = SIZEOF (.data)

.bss            0x000011fa     0x1a20 load address 0x0000f70e
                0x000011fa                __bss_start = .
 *(.bss .bss.*)
 .bss           0x000011fa      0x190 street-light.co
 .bss           0x0000138a      0x1e6 obj_sky/httpd-simple.o
 .bss           0x00001570        0xc obj_sky/contiki-sky-main.o
 .bss           0x0000157c        0x8 contiki-sky.a(button-sensor.o)
 .bss           0x00001584        0x2 contiki-sky.a(node-id.o)
                0x00001584                node_id
 .bss           0x00001586        0x6 contiki-sky.a(sensors.o)
 .bss           0x0000158c        0x8 contiki-sky.a(cc2420.o)
 .bss           0x00001594        0x4 contiki-sky.a(sky-sensors.o)
 .bss           0x00001598       0x9a contiki-sky.a(uart1.o)
 .bss           0x00001632        0xa contiki-sky.a(clock.o)
 .bss           0x0000163c        0x1 contiki-sky.a(leds.o)
 *fill*         0x0000163d        0x1 00
 .bss           0x0000163e        0x2 contiki-sky.a(watchdog.o)
 .bss           0x00001640        0x4 contiki-sky.a(ctimer.o)
 .bss           0x00001644        0x6 contiki-sky.a(etimer.o)
 .bss           0x0000164a       0x42 contiki-sky.a(process.o)
                0x0000164a                process_current
                0x0000164c                process_list
 .bss           0x0000168c        0x2 contiki-sky.a(rtimer.o)
 .bss           0x0000168e       0xc0 contiki-sky.a(sicslowpan.o)
 .bss           0x0000174e        0xe contiki-sky.a(uip6.o)
                0x0000174e                uip_ext_opt_offset
                0x0000174f                uip_ext_len
                0x00001750                uip_ext_bitmap
 .bss           0x0000175c       0x18 contiki-sky.a(uip-ds6.o)
 .bss           0x00001774      0x2f8 contiki-sky.a(uip-ds6-nbr.o)
 .bss           0x00001a6c      0x362 contiki-sky.a(uip-ds6-route.o)
 .bss           0x00001dce       0x14 contiki-sky.a(uip-icmp6.o)
 .bss           0x00001de2       0x8d contiki-sky.a(simple-udp.o)
 *fill*         0x00001e6f        0x1 00
 .bss           0x00001e70       0x36 contiki-sky.a(tcpip.o)
 .bss           0x00001ea6        0x2 contiki-sky.a(rpl.o)
 .bss           0x00001ea8       0xf0 contiki-sky.a(rpl-dag.o)
 .bss           0x00001f98       0x18 contiki-sky.a(rpl-timers.o)
 .bss           0x00001fb0       0x9c contiki-sky.a(csma.o)
 .bss           0x0000204c        0x2 contiki-sky.a(framer-802154.o)
 .bss           0x0000204e      0x118 contiki-sky.a(nbr-table.o)
 .bss           0x00002166       0xb8 contiki-sky.a(packetbuf.o)
 .bss           0x0000221e      0x386 contiki-sky.a(queuebuf.o)
 .bss           0x000025a4       0x32 contiki-sky.a(contikimac.o)
 .bss           0x000025d6        0x8 contiki-sky.a(compower.o)
 .bss           0x000025de       0xa0 contiki-sky.a(mac-sequence.o)
 .bss.destination_
                0x0000267e        0x2 /usr/local/msp430/bin/../lib/gcc/msp430/4.7.0/../../../../msp430/lib/mmpy-16/libc.a(sprintf.o)
 .bss.available_
                0x00002680        0x2 /usr/local/msp430/bin/../lib/gcc/msp430/4.7.0/../../../../msp430/lib/mmpy-16/libc.a(sprintf.o)
 *(.near.bss .near.bss.*)
 *(COMMON)
 COMMON         0x00002682        0x2 contiki-sky.a(contiki-sky-pla)
                0x00002682                sensors_flags
 COMMON         0x00002684        0x8 contiki-sky.a(ds2411.o)
                0x00002684                ds2411_id
 COMMON         0x0000268c        0x1 contiki-sky.a(sensors.o)
                0x0000268c                sensors_event
 *fill*         0x0000268d        0x1 00
 COMMON         0x0000268e       0x10 contiki-sky.a(cc2420.o)
                0x0000268e                cc2420_last_rssi
                0x00002690                cc2420_sfd_start_time
                0x00002692                cc2420_time_of_departure
                0x00002694                cc2420_time_of_arrival
                0x00002696                cc2420_last_correlation
                0x00002698                cc2420_authority_level_of_sender
                0x0000269a                cc2420_sfd_counter
                0x0000269c                cc2420_sfd_end_time
 COMMON         0x0000269e        0x2 contiki-sky.a(msp430.o)
                0x0000269e                msp430_dco_required
 COMMON         0x000026a0       0x56 contiki-sky.a(energest.o)
                0x000026a0                energest_total_time
                0x000026d0                energest_total_count
                0x000026d2                energest_current_mode
                0x000026de                energest_current_time
 COMMON         0x000026f6        0x1 contiki-sky.a(process.o)
                0x000026f6                process_maxevents
 *fill*         0x000026f7        0x1 00
 COMMON         0x000026f8        0x8 contiki-sky.a(sicslowpan.o)
                0x000026f8                frag_sender
 COMMON         0x00002700      0x2a0 contiki-sky.a(uip6.o)
                0x00002700                uip_len
                0x00002702                uip_sappdata
                0x00002704                uip_acc32
                0x00002708                uip_lladdr
                0x00002710                uip_aligned_buf
                0x0000279c                uip_flags
                0x0000279e                uip_next_hdr
                0x000027a0                uip_udp_conn
                0x000027a2                uip_appdata
                0x000027a4                uip_conn
                0x000027a6                uip_conns
                0x00002856                uip_listenports
                0x00002866                uip_slen
                0x00002868                uip_udp_conns
 COMMON         0x000029a0      0x15c contiki-sky.a(uip-ds6.o)
                0x000029a0                uip_ds6_timer_ra
                0x000029a8                uip_ds6_if
                0x00002a94                uip_ds6_netif_addr_list_offset
                0x00002a95                uip_ds6_addr_size
                0x00002a96                uip_ds6_prefix_list
                0x00002af0                uip_ds6_timer_periodic
 COMMON         0x00002afc        0x1 contiki-sky.a(tcpip.o)
                0x00002afc                tcpip_event
 *fill*         0x00002afd        0x1 00
 COMMON         0x00002afe       0xde contiki-sky.a(rpl-dag.o)
                0x00002afe                default_instance
                0x00002b00                instance_table
 COMMON         0x00002bdc        0x8 contiki-sky.a(linkaddr.o)
                0x00002bdc                linkaddr_node_addr
 COMMON         0x00002be4       0x2e contiki-sky.a(packetbuf.o)
                0x00002be4                packetbuf_addrs
                0x00002bf4                packetbuf_attrs
 COMMON         0x00002c12        0x8 contiki-sky.a(compower.o)
                0x00002c12                compower_idle_activity
                0x00002c1a                . = ALIGN (0x2)
                0x00002c1a                __bss_end = .
                0x00001a20                __bss_size = SIZEOF (.bss)

.noinit         0x00002c1a        0x2 load address 0x0000f70e
                0x00002c1a                . = ALIGN (0x2)
                0x00002c1a                __noinit_start = .
 *(.noinit .noinit.*)
 .noinit.crt0   0x00002c1a        0x2 /usr/local/msp430/bin/../lib/gcc/msp430/4.7.0/mmpy-16/libcrt0.a(__watchdog_support.o)
                0x00002c1a                __wdt_clear_value
                0x00002c1c                . = ALIGN (0x2)
                0x00002c1c                __noinit_end = .
                0x00002c1c                . = ALIGN (0x2)
                0x00002c1c                _end = .

.infomem        0x00001000        0x0
                0x00001000                . = ALIGN (0x2)
 *(.infomem .infomem.*)

.infomemnobits  0x00001000        0x0
                0x00001000                . = ALIGN (0x2)
 *(.infomemnobits .infomemnobits.*)

.infoa          0x00001080        0x0
                0x00001080                . = ALIGN (0x2)
 *(.infoa .infoa.*)

.infob          0x00001000        0x0
                0x00001000                . = ALIGN (0x2)
 *(.infob .infob.*)

.infoc          0x00000000        0x0
                0x00000000                . = ALIGN (0x2)
 *(.infoc .infoc.*)

.infod          0x00000000        0x0
                0x00000000                . = ALIGN (0x2)
 *(.infod .infod.*)

.vectors        0x0000ffe0       0x20
                0x0000ffe0                __vectors_start = .
 *(.vectors*)
 .vectors       0x0000ffe0       0x20 /usr/local/msp430/bin/../lib/gcc/msp430/4.7.0/mmpy-16/crt0ivtbl16.o
                0x0000ffe0                __ivtbl_16
                0x00010000                _vectors_end = .

.fartext        0x00000000        0x0
                0x00000000                . = ALIGN (0x2)
 *(.fartext .fartext.*)

.far.text       0x00000000        0x0
                0x00000000                . = ALIGN (0x2)
 *(.far.text .far.text.*)

.far.rodata     0x00000000        0x0
                0x00000000                . = ALIGN (0x2)
 *(.far.rodata .far.rodata.*)
                0x00000000                . = ALIGN (0x2)
                0x00000000                _efartext = .

.far.data       0x00000000        0x0
                0x00000000                . = ALIGN (0x2)
                0x00000000                __far_data_start = .
 *(.far.data .far.data.*)
                0x00000000                . = ALIGN (0x2)
                0x00000000                _efardata = .
                0x00000000                __far_data_load_start = LOADADDR (.far.data)
                0x00000000                __far_data_size = SIZEOF (.far.data)

.far.bss        0x00000000        0x0
                0x00000000                . = ALIGN (0x2)
                0x00000000                __far_bss_start = .
 *(.far.bss .far.bss.*)
                0x00000000                . = ALIGN (0x2)
                0x00000000                __far_bss_end = .
                0x00000000                __far_bss_size = SIZEOF (.far.bss)
                0x00000000                . = ALIGN (0x2)
                0x00000000                _far_end = .

.profiler
 *(.profiler)

.stab           0x00000000    0x2a150
 *(.stab)
 .stab          0x00000000     0x1d7c street-light.co
 .stab          0x00001d7c      0xc00 obj_sky/httpd-simple.o
                               0x1ba8 (size before relaxing)
 .stab          0x0000297c     0x10d4 obj_sky/contiki-sky-main.o
                               0x1b0c (size before relaxing)
 .stab          0x00003a50      0x258 contiki-sky.a(contiki-sky-pla)
                                0x5ac (size before relaxing)
 .stab          0x00003ca8      0x324 contiki-sky.a(light-sensor.o)
                                0x690 (size before relaxing)
 .stab          0x00003fcc      0x468 contiki-sky.a(button-sensor.o)
                                0x7d4 (size before relaxing)
 .stab          0x00004434      0x618 contiki-sky.a(ds2411.o)
                                0xb34 (size before relaxing)
 .stab          0x00004a4c      0x9d8 contiki-sky.a(xmem.o)
                                0xf00 (size before relaxing)
 .stab          0x00005424      0x2b8 contiki-sky.a(node-id.o)
                                0x4e0 (size before relaxing)
 .stab          0x000056dc      0x69c contiki-sky.a(sensors.o)
                                0xbb8 (size before relaxing)
 .stab          0x00005d78     0x2538 contiki-sky.a(cc2420.o)
                               0x2c28 (size before relaxing)
 .stab          0x000082b0      0x5a0 contiki-sky.a(cc2420-arch.o)
                               0x171c (size before relaxing)
 .stab          0x00008850      0x4ec contiki-sky.a(sky-sensors.o)
                                0x858 (size before relaxing)
 .stab          0x00008d3c      0x600 contiki-sky.a(uart1.o)
                                0x954 (size before relaxing)
 .stab          0x0000933c      0x27c contiki-sky.a(uart1-putchar.o)
                                0x7bc (size before relaxing)
 .stab          0x000095b8      0x72c contiki-sky.a(msp430.o)
                                0xa80 (size before relaxing)
 .stab          0x00009ce4      0x930 contiki-sky.a(clock.o)
                                0xc84 (size before relaxing)
 .stab          0x0000a614      0x5a0 contiki-sky.a(leds.o)
                                0x7ec (size before relaxing)
 .stab          0x0000abb4      0x378 contiki-sky.a(leds-arch.o)
                                0x6cc (size before relaxing)
 .stab          0x0000af2c      0x3cc contiki-sky.a(watchdog.o)
                                0x720 (size before relaxing)
 .stab          0x0000b2f8      0x3b4 contiki-sky.a(rtimer-arch.o)
                                0x708 (size before relaxing)
 .stab          0x0000b6ac      0x294 contiki-sky.a(autostart.o)
                                0x534 (size before relaxing)
 .stab          0x0000b940      0x78c contiki-sky.a(ctimer.o)
                                0xaf8 (size before relaxing)
 .stab          0x0000c0cc      0x474 contiki-sky.a(energest.o)
                                0x6fc (size before relaxing)
 .stab          0x0000c540      0x9fc contiki-sky.a(etimer.o)
                                0xccc (size before relaxing)
 .stab          0x0000cf3c      0xb70 contiki-sky.a(process.o)
                               0x1008 (size before relaxing)
 .stab          0x0000daac      0x3cc contiki-sky.a(rtimer.o)
                                0x6b4 (size before relaxing)
 .stab          0x0000de78      0x348 contiki-sky.a(timer.o)
                                0x588 (size before relaxing)
 .stab          0x0000e1c0      0x7bc contiki-sky.a(list.o)
                                0x7c8 (size before relaxing)
 .stab          0x0000e97c      0x5c4 contiki-sky.a(memb.o)
                                0xaf8 (size before relaxing)
 .stab          0x0000ef40      0x240 contiki-sky.a(random.o)
                                0x618 (size before relaxing)
 .stab          0x0000f180     0x2190 contiki-sky.a(sicslowpan.o)
                               0x30d8 (size before relaxing)
 .stab          0x00011310     0x2ab4 contiki-sky.a(uip6.o)
                               0x366c (size before relaxing)
 .stab          0x00013dc4     0x13bc contiki-sky.a(uip-ds6.o)
                               0x1f5c (size before relaxing)
 .stab          0x00015180      0xccc contiki-sky.a(uip-ds6-nbr.o)
                               0x1704 (size before relaxing)
 .stab          0x00015e4c     0x1200 contiki-sky.a(uip-ds6-route.o)
                               0x1d88 (size before relaxing)
 .stab          0x0001704c      0xcd8 contiki-sky.a(uip-icmp6.o)
                               0x1950 (size before relaxing)
 .stab          0x00017d24      0x570 contiki-sky.a(uip-nd6.o)
                               0x114c (size before relaxing)
 .stab          0x00018294      0xd2c contiki-sky.a(psock.o)
                               0x1d88 (size before relaxing)
 .stab          0x00018fc0      0x8c4 contiki-sky.a(simple-udp.o)
                               0x19d4 (size before relaxing)
 .stab          0x00019884     0x126c contiki-sky.a(tcpip.o)
                               0x24b4 (size before relaxing)
 .stab          0x0001aaf0      0x450 contiki-sky.a(uip-debug.o)
                                0xbdc (size before relaxing)
 .stab          0x0001af40      0xb58 contiki-sky.a(rpl.o)
                               0x17ac (size before relaxing)
 .stab          0x0001ba98     0x2ebc contiki-sky.a(rpl-dag.o)
                               0x3bc4 (size before relaxing)
 .stab          0x0001e954      0xa50 contiki-sky.a(rpl-ext-header.)
                               0x180c (size before relaxing)
 .stab          0x0001f3a4     0x1764 contiki-sky.a(rpl-icmp6.o)
                               0x2568 (size before relaxing)
 .stab          0x00020b08      0x894 contiki-sky.a(rpl-mrhof.o)
                               0x1584 (size before relaxing)
 .stab          0x0002139c      0xbac contiki-sky.a(rpl-timers.o)
                               0x189c (size before relaxing)
 .stab          0x00021f48      0xfa8 contiki-sky.a(csma.o)
                               0x1578 (size before relaxing)
 .stab          0x00022ef0      0x924 contiki-sky.a(framer-802154.o)
                                0xf48 (size before relaxing)
 .stab          0x00023814      0x3fc contiki-sky.a(framer.o)
                                0xc54 (size before relaxing)
 .stab          0x00023c10      0x1f8 contiki-sky.a(mac.o)
                                0x4ec (size before relaxing)
 .stab          0x00023e08      0x2ac contiki-sky.a(linkaddr.o)
                                0x6a8 (size before relaxing)
 .stab          0x000240b4      0xe58 contiki-sky.a(nbr-table.o)
                               0x1500 (size before relaxing)
 .stab          0x00024f0c      0xd74 contiki-sky.a(packetbuf.o)
                               0x1e9c (size before relaxing)
 .stab          0x00025c80      0xa80 contiki-sky.a(queuebuf.o)
                               0x1b90 (size before relaxing)
 .stab          0x00026700     0x1944 contiki-sky.a(contikimac.o)
                               0x23b8 (size before relaxing)
 .stab          0x00028044      0x738 contiki-sky.a(nullsec.o)
                                0xd80 (size before relaxing)
 .stab          0x0002877c      0x1f8 contiki-sky.a(spi.o)
                                0x420 (size before relaxing)
 .stab          0x00028974      0x4ec contiki-sky.a(compower.o)
                                0xcf0 (size before relaxing)
 .stab          0x00028e60      0x3b4 contiki-sky.a(stimer.o)
                                0x5f4 (size before relaxing)
 .stab          0x00029214      0x8f4 contiki-sky.a(frame802154.o)
                               0x10c8 (size before relaxing)
 .stab          0x00029b08      0x648 contiki-sky.a(mac-sequence.o)
                               0x1770 (size before relaxing)

.stabstr        0x00000000    0x1cedc
 *(.stabstr)
 .stabstr       0x00000000    0x1cedc street-light.co

.stab.excl
 *(.stab.excl)

.stab.exclstr
 *(.stab.exclstr)

.stab.index
 *(.stab.index)

.stab.indexstr
 *(.stab.indexstr)

.comment        0x00000000       0x30
 *(.comment)
 .comment       0x00000000       0x30 street-light.co
                                 0x31 (size before relaxing)
 .comment       0x00000000       0x31 obj_sky/httpd-simple.o